Archive member included because of file (symbol)

C:/Freescale/CW MCU v10.6/MCU/ARM_GCC_Support/ewl/lib/armv6-m\libc.a(exit.o)
                              ./Project_Settings/Startup_Code/__arm_start.o (exit)
C:/Freescale/CW MCU v10.6/MCU/ARM_GCC_Support/ewl/lib/armv6-m\libc.a(memset.o)
                              ./Project_Settings/Startup_Code/__arm_start.o (memset)
C:/Freescale/CW MCU v10.6/MCU/ARM_GCC_Support/ewl/lib/armv6-m\libc.a(__filll_mem.o)
                              C:/Freescale/CW MCU v10.6/MCU/ARM_GCC_Support/ewl/lib/armv6-m\libc.a(memset.o) (__fill_mem)
C:/Freescale/CW MCU v10.6/MCU/ARM_GCC_Support/ewl/lib/armv6-m\libc.a(memcpy.o)
                              ./Sources/ProcessorExpert.o (memcpy)
c:/freescale/cw mcu v10.6/cross_tools/arm-none-eabi-gcc-4_7_3/bin/../lib/gcc/arm-none-eabi/4.7.3/armv6-m\libgcc.a(_udivsi3.o)
                              ./Generated_Code/Term1.o (__aeabi_uidiv)
c:/freescale/cw mcu v10.6/cross_tools/arm-none-eabi-gcc-4_7_3/bin/../lib/gcc/arm-none-eabi/4.7.3/armv6-m\libgcc.a(_divsi3.o)
                              ./Sources/PID.o (__aeabi_idiv)
c:/freescale/cw mcu v10.6/cross_tools/arm-none-eabi-gcc-4_7_3/bin/../lib/gcc/arm-none-eabi/4.7.3/armv6-m\libgcc.a(_dvmd_tls.o)
                              c:/freescale/cw mcu v10.6/cross_tools/arm-none-eabi-gcc-4_7_3/bin/../lib/gcc/arm-none-eabi/4.7.3/armv6-m\libgcc.a(_udivsi3.o) (__aeabi_idiv0)
c:/freescale/cw mcu v10.6/cross_tools/arm-none-eabi-gcc-4_7_3/bin/../lib/gcc/arm-none-eabi/4.7.3/armv6-m\libgcc.a(_arm_cmpsf2.o)
                              ./Generated_Code/Term1.o (__aeabi_fcmplt)
c:/freescale/cw mcu v10.6/cross_tools/arm-none-eabi-gcc-4_7_3/bin/../lib/gcc/arm-none-eabi/4.7.3/armv6-m\libgcc.a(_aeabi_ldivmod.o)
                              ./Sources/ZumoSensors.o (__aeabi_ldivmod)
c:/freescale/cw mcu v10.6/cross_tools/arm-none-eabi-gcc-4_7_3/bin/../lib/gcc/arm-none-eabi/4.7.3/armv6-m\libgcc.a(_muldi3.o)
                              ./Sources/ZumoSensors.o (__aeabi_lmul)
c:/freescale/cw mcu v10.6/cross_tools/arm-none-eabi-gcc-4_7_3/bin/../lib/gcc/arm-none-eabi/4.7.3/armv6-m\libgcc.a(_fixunssfsi.o)
                              ./Generated_Code/Term1.o (__aeabi_f2uiz)
c:/freescale/cw mcu v10.6/cross_tools/arm-none-eabi-gcc-4_7_3/bin/../lib/gcc/arm-none-eabi/4.7.3/armv6-m\libgcc.a(bpabi.o)
                              c:/freescale/cw mcu v10.6/cross_tools/arm-none-eabi-gcc-4_7_3/bin/../lib/gcc/arm-none-eabi/4.7.3/armv6-m\libgcc.a(_aeabi_ldivmod.o) (__gnu_ldivmod_helper)
c:/freescale/cw mcu v10.6/cross_tools/arm-none-eabi-gcc-4_7_3/bin/../lib/gcc/arm-none-eabi/4.7.3/armv6-m\libgcc.a(addsf3.o)
                              ./Sources/PID.o (__aeabi_fadd)
c:/freescale/cw mcu v10.6/cross_tools/arm-none-eabi-gcc-4_7_3/bin/../lib/gcc/arm-none-eabi/4.7.3/armv6-m\libgcc.a(eqsf2.o)
                              c:/freescale/cw mcu v10.6/cross_tools/arm-none-eabi-gcc-4_7_3/bin/../lib/gcc/arm-none-eabi/4.7.3/armv6-m\libgcc.a(_arm_cmpsf2.o) (__eqsf2)
c:/freescale/cw mcu v10.6/cross_tools/arm-none-eabi-gcc-4_7_3/bin/../lib/gcc/arm-none-eabi/4.7.3/armv6-m\libgcc.a(gesf2.o)
                              c:/freescale/cw mcu v10.6/cross_tools/arm-none-eabi-gcc-4_7_3/bin/../lib/gcc/arm-none-eabi/4.7.3/armv6-m\libgcc.a(_arm_cmpsf2.o) (__gesf2)
c:/freescale/cw mcu v10.6/cross_tools/arm-none-eabi-gcc-4_7_3/bin/../lib/gcc/arm-none-eabi/4.7.3/armv6-m\libgcc.a(lesf2.o)
                              c:/freescale/cw mcu v10.6/cross_tools/arm-none-eabi-gcc-4_7_3/bin/../lib/gcc/arm-none-eabi/4.7.3/armv6-m\libgcc.a(_arm_cmpsf2.o) (__lesf2)
c:/freescale/cw mcu v10.6/cross_tools/arm-none-eabi-gcc-4_7_3/bin/../lib/gcc/arm-none-eabi/4.7.3/armv6-m\libgcc.a(mulsf3.o)
                              ./Generated_Code/Term1.o (__aeabi_fmul)
c:/freescale/cw mcu v10.6/cross_tools/arm-none-eabi-gcc-4_7_3/bin/../lib/gcc/arm-none-eabi/4.7.3/armv6-m\libgcc.a(subsf3.o)
                              ./Generated_Code/Term1.o (__aeabi_fsub)
c:/freescale/cw mcu v10.6/cross_tools/arm-none-eabi-gcc-4_7_3/bin/../lib/gcc/arm-none-eabi/4.7.3/armv6-m\libgcc.a(fixsfsi.o)
                              ./Sources/PID.o (__aeabi_f2iz)
c:/freescale/cw mcu v10.6/cross_tools/arm-none-eabi-gcc-4_7_3/bin/../lib/gcc/arm-none-eabi/4.7.3/armv6-m\libgcc.a(floatsisf.o)
                              ./Generated_Code/PwmLdd2.o (__aeabi_i2f)
c:/freescale/cw mcu v10.6/cross_tools/arm-none-eabi-gcc-4_7_3/bin/../lib/gcc/arm-none-eabi/4.7.3/armv6-m\libgcc.a(floatunsisf.o)
                              ./Generated_Code/Term1.o (__aeabi_ui2f)
c:/freescale/cw mcu v10.6/cross_tools/arm-none-eabi-gcc-4_7_3/bin/../lib/gcc/arm-none-eabi/4.7.3/armv6-m\libgcc.a(_clzsi2.o)
                              c:/freescale/cw mcu v10.6/cross_tools/arm-none-eabi-gcc-4_7_3/bin/../lib/gcc/arm-none-eabi/4.7.3/armv6-m\libgcc.a(addsf3.o) (__clzsi2)
c:/freescale/cw mcu v10.6/cross_tools/arm-none-eabi-gcc-4_7_3/bin/../lib/gcc/arm-none-eabi/4.7.3/armv6-m\libgcc.a(_divdi3.o)
[...]
Memory Configuration

Name             Origin             Length             Attributes
m_interrupts     0x00000000         0x000000c0         xr
m_text           0x00000410         0x0001fbf0         xr
m_data           0x1ffff000         0x00004000         rw
m_cfmprotrom     0x00000400         0x00000010         xr
*default*        0x00000000         0xffffffff

Linker script and memory map

LOAD ./Generated_Code/sens_stanga.o
LOAD ./Generated_Code/sens_dreapta.o
LOAD ./Generated_Code/WAIT1.o
LOAD ./Generated_Code/Vectors.o
LOAD ./Generated_Code/Term1.o
LOAD ./Generated_Code/TU2.o
LOAD ./Generated_Code/TU1.o
LOAD ./Generated_Code/PwmLdd2.o
LOAD ./Generated_Code/PwmLdd1.o
LOAD ./Generated_Code/PullUpButton.o
LOAD ./Generated_Code/PWM_stanga.o
LOAD ./Generated_Code/PWM_dreapta.o
LOAD ./Generated_Code/PE_LDD.o
LOAD ./Generated_Code/Inhr1.o
LOAD ./Generated_Code/IR_LED.o
LOAD ./Generated_Code/D5.o
LOAD ./Generated_Code/D11.o
LOAD ./Generated_Code/Cpu.o
LOAD ./Generated_Code/CountTimer.o
LOAD ./Generated_Code/Button.o
LOAD ./Generated_Code/BitIoLdd9.o
LOAD ./Generated_Code/BitIoLdd8.o
LOAD ./Generated_Code/BitIoLdd7.o
LOAD ./Generated_Code/BitIoLdd6.o
LOAD ./Generated_Code/BitIoLdd5.o
LOAD ./Generated_Code/BitIoLdd4.o
LOAD ./Generated_Code/BitIoLdd3.o
LOAD ./Generated_Code/BitIoLdd2.o
LOAD ./Generated_Code/BitIoLdd11.o
LOAD ./Generated_Code/BitIoLdd10.o
LOAD ./Generated_Code/ASerialLdd2.o
LOAD ./Generated_Code/A3.o
LOAD ./Generated_Code/A2.o
LOAD ./Generated_Code/A1.o
LOAD ./Generated_Code/A0.o
LOAD ./Project_Settings/Startup_Code/__arm_start.o
LOAD ./Project_Settings/Startup_Code/__arm_end.o
LOAD ./Sources/sa_mtb.o
LOAD ./Sources/ZumoSensors.o
LOAD ./Sources/ZumoMotors.o
LOAD ./Sources/ProcessorExpert.o
LOAD ./Sources/PID.o
LOAD ./Sources/Events.o
START GROUP
LOAD C:/Freescale/CW MCU v10.6/MCU/ARM_GCC_Support/ewl/lib/armv6-m\libc.a
LOAD C:/Freescale/CW MCU v10.6/MCU/ARM_GCC_Support/ewl/lib/armv6-m\libm.a
LOAD c:/freescale/cw mcu v10.6/cross_tools/arm-none-eabi-gcc-4_7_3/bin/../lib/gcc/arm-none-eabi/4.7.3/armv6-m\libgcc.a
LOAD C:/Freescale/CW MCU v10.6/MCU/ARM_GCC_Support/ewl/lib/armv6-m\librt.a
END GROUP
                0x20003000                _estack = 0x20003000
                0x20003000                __SP_INIT = _estack
                0x00000000                __heap_size = 0x0
                0x00000400                __stack_size = 0x400

.interrupts     0x00000000       0xc0
                0x00000000                __vector_table = .
                0x00000000                . = ALIGN (0x4)
 *(.vectortable)
 .vectortable   0x00000000       0xc0 ./Generated_Code/Vectors.o
                0x00000000                __vect_table
                0x000000c0                . = ALIGN (0x4)

.cfmprotect     0x00000400       0x10
                0x00000400                . = ALIGN (0x4)
 *(.cfmconfig)
 .cfmconfig     0x00000400       0x10 ./Generated_Code/Cpu.o
                0x00000400                _cfm
                0x00000410                . = ALIGN (0x4)

.text           0x00000410     0x3618
                0x00000410                . = ALIGN (0x4)
 *(.text)
 .text          0x00000410       0x9c c:/freescale/cw mcu v10.6/cross_tools/arm-none-eabi-gcc-4_7_3/bin/../lib/gcc/arm-none-eabi/4.7.3/armv6-m\libgcc.a(_udivsi3.o)
                0x00000410                __aeabi_uidiv
                0x00000410                __udivsi3
                0x00000498                __aeabi_uidivmod
 .text          0x000004ac       0xc0 c:/freescale/cw mcu v10.6/cross_tools/arm-none-eabi-gcc-4_7_3/bin/../lib/gcc/arm-none-eabi/4.7.3/armv6-m\libgcc.a(_divsi3.o)
                0x000004ac                __divsi3
                0x000004ac                __aeabi_idiv
                0x00000558                __aeabi_idivmod
 .text          0x0000056c        0x4 c:/freescale/cw mcu v10.6/cross_tools/arm-none-eabi-gcc-4_7_3/bin/../lib/gcc/arm-none-eabi/4.7.3/armv6-m\libgcc.a(_dvmd_tls.o)
                0x0000056c                __aeabi_idiv0
                0x0000056c                __aeabi_ldiv0
 .text          0x00000570       0x48 c:/freescale/cw mcu v10.6/cross_tools/arm-none-eabi-gcc-4_7_3/bin/../lib/gcc/arm-none-eabi/4.7.3/armv6-m\libgcc.a(_aeabi_ldivmod.o)
                0x00000570                __aeabi_ldivmod
 .text          0x000005b8       0x44 c:/freescale/cw mcu v10.6/cross_tools/arm-none-eabi-gcc-4_7_3/bin/../lib/gcc/arm-none-eabi/4.7.3/armv6-m\libgcc.a(_muldi3.o)
                0x000005b8                __muldi3
                0x000005b8                __aeabi_lmul
 .text          0x000005fc       0x74 c:/freescale/cw mcu v10.6/cross_tools/arm-none-eabi-gcc-4_7_3/bin/../lib/gcc/arm-none-eabi/4.7.3/armv6-m\libgcc.a(bpabi.o)
                0x000005fc                __gnu_ldivmod_helper
                0x00000638                __gnu_uldivmod_helper
 .text          0x00000670      0x3a4 c:/freescale/cw mcu v10.6/cross_tools/arm-none-eabi-gcc-4_7_3/bin/../lib/gcc/arm-none-eabi/4.7.3/armv6-m\libgcc.a(addsf3.o)
                0x00000670                __aeabi_fadd
 .text          0x00000a14      0x260 c:/freescale/cw mcu v10.6/cross_tools/arm-none-eabi-gcc-4_7_3/bin/../lib/gcc/arm-none-eabi/4.7.3/armv6-m\libgcc.a(mulsf3.o)
                0x00000a14                __aeabi_fmul
 .text          0x00000c74       0x40 c:/freescale/cw mcu v10.6/cross_tools/arm-none-eabi-gcc-4_7_3/bin/../lib/gcc/arm-none-eabi/4.7.3/armv6-m\libgcc.a(fixsfsi.o)
                0x00000c74                __aeabi_f2iz
 .text          0x00000cb4       0xa8 c:/freescale/cw mcu v10.6/cross_tools/arm-none-eabi-gcc-4_7_3/bin/../lib/gcc/arm-none-eabi/4.7.3/armv6-m\libgcc.a(floatsisf.o)
                0x00000cb4                __aeabi_i2f
 .text          0x00000d5c       0x3c c:/freescale/cw mcu v10.6/cross_tools/arm-none-eabi-gcc-4_7_3/bin/../lib/gcc/arm-none-eabi/4.7.3/armv6-m\libgcc.a(_clzsi2.o)
                0x00000d5c                __clzsi2
 .text          0x00000d98      0x3d0 c:/freescale/cw mcu v10.6/cross_tools/arm-none-eabi-gcc-4_7_3/bin/../lib/gcc/arm-none-eabi/4.7.3/armv6-m\libgcc.a(_divdi3.o)
                0x00000d98                __divdi3
 .text          0x00001168      0x38c c:/freescale/cw mcu v10.6/cross_tools/arm-none-eabi-gcc-4_7_3/bin/../lib/gcc/arm-none-eabi/4.7.3/armv6-m\libgcc.a(_udivdi3.o)
                0x00001168                __udivdi3
 *(.text*)
 .text.WAIT1_Wait10Cycles
                0x000014f4        0x8 ./Generated_Code/WAIT1.o
                0x000014f4                WAIT1_Wait10Cycles
 .text.WAIT1_Wait100Cycles
                0x000014fc       0x18 ./Generated_Code/WAIT1.o
                0x000014fc                WAIT1_Wait100Cycles
 .text.WAIT1_WaitCycles
                0x00001514       0x44 ./Generated_Code/WAIT1.o
                0x00001514                WAIT1_WaitCycles
 .text.TU1_Init
                0x00001558       0xf4 ./Generated_Code/TU1.o
                0x00001558                TU1_Init
 .text.TU1_Enable
                0x0000164c       0x30 ./Generated_Code/TU1.o
                0x0000164c                TU1_Enable
 .text.TU1_GetPeriodTicks
                0x0000167c       0x3c ./Generated_Code/TU1.o
                0x0000167c                TU1_GetPeriodTicks
 .text.TU1_SetOffsetTicks
                0x000016b8       0x58 ./Generated_Code/TU1.o
                0x000016b8                TU1_SetOffsetTicks
 .text.PwmLdd2_Init
                0x00001710       0x54 ./Generated_Code/PwmLdd2.o
                0x00001710                PwmLdd2_Init
 .text.PwmLdd2_Enable
                0x00001764       0x30 ./Generated_Code/PwmLdd2.o
                0x00001764                PwmLdd2_Enable
 .text.PwmLdd2_SetRatio16
                0x00001794       0x2c ./Generated_Code/PwmLdd2.o
                0x00001794                PwmLdd2_SetRatio16
 .text.SetRatio
                0x000017c0       0x68 ./Generated_Code/PwmLdd2.o
 .text.PwmLdd1_Init
                0x00001828       0x54 ./Generated_Code/PwmLdd1.o
                0x00001828                PwmLdd1_Init
 .text.PwmLdd1_Enable
                0x0000187c       0x30 ./Generated_Code/PwmLdd1.o
                0x0000187c                PwmLdd1_Enable
 .text.PwmLdd1_SetRatio16
                0x000018ac       0x2c ./Generated_Code/PwmLdd1.o
                0x000018ac                PwmLdd1_SetRatio16
 .text.SetRatio
                0x000018d8       0x68 ./Generated_Code/PwmLdd1.o
 .text.PullUpButton_Init
                0x00001940       0x18 ./Generated_Code/PullUpButton.o
                0x00001940                PullUpButton_Init
 .text.HWEnDi   0x00001958       0x20 ./Generated_Code/Inhr1.o
 .text.Inhr1_Init
                0x00001978       0x64 ./Generated_Code/Inhr1.o
                0x00001978                Inhr1_Init
 .text.ASerialLdd2_OnBlockReceived
                0x000019dc       0x80 ./Generated_Code/Inhr1.o
                0x000019dc                ASerialLdd2_OnBlockReceived
 .text.ASerialLdd2_OnBlockSent
                0x00001a5c       0x88 ./Generated_Code/Inhr1.o
                0x00001a5c                ASerialLdd2_OnBlockSent
 .text.ASerialLdd2_OnError
                0x00001ae4       0x90 ./Generated_Code/Inhr1.o
                0x00001ae4                ASerialLdd2_OnError
 .text.ASerialLdd2_OnBreak
                0x00001b74       0x20 ./Generated_Code/Inhr1.o
                0x00001b74                ASerialLdd2_OnBreak
 .text.Cpu_INT_NMIInterrupt
                0x00001b94        0xc ./Generated_Code/Cpu.o
                0x00001b94                Cpu_INT_NMIInterrupt
 .text.Cpu_Interrupt
                0x00001ba0        0xc ./Generated_Code/Cpu.o
                0x00001ba0                Cpu_Interrupt
 .text.__init_hardware
                0x00001bac      0x120 ./Generated_Code/Cpu.o
                0x00001bac                __init_hardware
 .text.PE_low_level_init
                0x00001ccc      0x14c ./Generated_Code/Cpu.o
                0x00001ccc                PE_low_level_init
 .text.CountTimer_Init
                0x00001e18       0x70 ./Generated_Code/CountTimer.o
                0x00001e18                CountTimer_Init
 .text.CountTimer_ResetCounter
                0x00001e88       0x1c ./Generated_Code/CountTimer.o
                0x00001e88                CountTimer_ResetCounter
 .text.CountTimer_GetCounterValue
                0x00001ea4       0x18 ./Generated_Code/CountTimer.o
                0x00001ea4                CountTimer_GetCounterValue
 .text.BitIoLdd9_Init
                0x00001ebc       0x60 ./Generated_Code/BitIoLdd9.o
                0x00001ebc                BitIoLdd9_Init
 .text.BitIoLdd9_SetInput
                0x00001f1c       0x20 ./Generated_Code/BitIoLdd9.o
                0x00001f1c                BitIoLdd9_SetInput
 .text.BitIoLdd9_SetOutput
                0x00001f3c       0x20 ./Generated_Code/BitIoLdd9.o
                0x00001f3c                BitIoLdd9_SetOutput
 .text.BitIoLdd9_GetVal
                0x00001f5c       0x3c ./Generated_Code/BitIoLdd9.o
                0x00001f5c                BitIoLdd9_GetVal
 .text.BitIoLdd9_PutVal
                0x00001f98       0x30 ./Generated_Code/BitIoLdd9.o
                0x00001f98                BitIoLdd9_PutVal
 .text.BitIoLdd8_Init
                0x00001fc8       0x60 ./Generated_Code/BitIoLdd8.o
                0x00001fc8                BitIoLdd8_Init
 .text.BitIoLdd8_SetInput
                0x00002028       0x20 ./Generated_Code/BitIoLdd8.o
                0x00002028                BitIoLdd8_SetInput
 .text.BitIoLdd8_SetOutput
                0x00002048       0x20 ./Generated_Code/BitIoLdd8.o
                0x00002048                BitIoLdd8_SetOutput
 .text.BitIoLdd8_GetVal
                0x00002068       0x3c ./Generated_Code/BitIoLdd8.o
                0x00002068                BitIoLdd8_GetVal
 .text.BitIoLdd8_PutVal
                0x000020a4       0x30 ./Generated_Code/BitIoLdd8.o
                0x000020a4                BitIoLdd8_PutVal
 .text.BitIoLdd7_Init
                0x000020d4       0x60 ./Generated_Code/BitIoLdd7.o
                0x000020d4                BitIoLdd7_Init
 .text.BitIoLdd7_SetInput
                0x00002134       0x20 ./Generated_Code/BitIoLdd7.o
                0x00002134                BitIoLdd7_SetInput
 .text.BitIoLdd7_SetOutput
                0x00002154       0x20 ./Generated_Code/BitIoLdd7.o
                0x00002154                BitIoLdd7_SetOutput
 .text.BitIoLdd7_GetVal
                0x00002174       0x3c ./Generated_Code/BitIoLdd7.o
                0x00002174                BitIoLdd7_GetVal
 .text.BitIoLdd7_PutVal
                0x000021b0       0x30 ./Generated_Code/BitIoLdd7.o
                0x000021b0                BitIoLdd7_PutVal
 .text.BitIoLdd6_Init
                0x000021e0       0x60 ./Generated_Code/BitIoLdd6.o
                0x000021e0                BitIoLdd6_Init
 .text.BitIoLdd6_SetInput
                0x00002240       0x20 ./Generated_Code/BitIoLdd6.o
                0x00002240                BitIoLdd6_SetInput
 .text.BitIoLdd6_SetOutput
                0x00002260       0x20 ./Generated_Code/BitIoLdd6.o
                0x00002260                BitIoLdd6_SetOutput
 .text.BitIoLdd6_GetVal
                0x00002280       0x3c ./Generated_Code/BitIoLdd6.o
                0x00002280                BitIoLdd6_GetVal
 .text.BitIoLdd6_PutVal
                0x000022bc       0x30 ./Generated_Code/BitIoLdd6.o
                0x000022bc                BitIoLdd6_PutVal
 .text.BitIoLdd5_Init
                0x000022ec       0x60 ./Generated_Code/BitIoLdd5.o
                0x000022ec                BitIoLdd5_Init
 .text.BitIoLdd5_SetInput
                0x0000234c       0x20 ./Generated_Code/BitIoLdd5.o
                0x0000234c                BitIoLdd5_SetInput
 .text.BitIoLdd5_SetOutput
                0x0000236c       0x20 ./Generated_Code/BitIoLdd5.o
                0x0000236c                BitIoLdd5_SetOutput
 .text.BitIoLdd5_GetVal
                0x0000238c       0x3c ./Generated_Code/BitIoLdd5.o
                0x0000238c                BitIoLdd5_GetVal
 .text.BitIoLdd5_PutVal
                0x000023c8       0x30 ./Generated_Code/BitIoLdd5.o
                0x000023c8                BitIoLdd5_PutVal
 .text.BitIoLdd4_Init
                0x000023f8       0x60 ./Generated_Code/BitIoLdd4.o
                0x000023f8                BitIoLdd4_Init
 .text.BitIoLdd4_SetInput
                0x00002458       0x20 ./Generated_Code/BitIoLdd4.o
                0x00002458                BitIoLdd4_SetInput
 .text.BitIoLdd4_SetOutput
                0x00002478       0x20 ./Generated_Code/BitIoLdd4.o
                0x00002478                BitIoLdd4_SetOutput
 .text.BitIoLdd4_GetVal
                0x00002498       0x3c ./Generated_Code/BitIoLdd4.o
                0x00002498                BitIoLdd4_GetVal
 .text.BitIoLdd4_PutVal
                0x000024d4       0x30 ./Generated_Code/BitIoLdd4.o
                0x000024d4                BitIoLdd4_PutVal
 .text.BitIoLdd3_Init
                0x00002504       0x64 ./Generated_Code/BitIoLdd3.o
                0x00002504                BitIoLdd3_Init
 .text.BitIoLdd3_SetOutput
                0x00002568       0x20 ./Generated_Code/BitIoLdd3.o
                0x00002568                BitIoLdd3_SetOutput
 .text.BitIoLdd3_PutVal
                0x00002588       0x34 ./Generated_Code/BitIoLdd3.o
                0x00002588                BitIoLdd3_PutVal
 .text.BitIoLdd2_Init
                0x000025bc       0x64 ./Generated_Code/BitIoLdd2.o
                0x000025bc                BitIoLdd2_Init
 .text.BitIoLdd2_SetOutput
                0x00002620       0x20 ./Generated_Code/BitIoLdd2.o
                0x00002620                BitIoLdd2_SetOutput
 .text.BitIoLdd2_PutVal
                0x00002640       0x34 ./Generated_Code/BitIoLdd2.o
                0x00002640                BitIoLdd2_PutVal
 .text.BitIoLdd11_Init
                0x00002674       0x3c ./Generated_Code/BitIoLdd11.o
                0x00002674                BitIoLdd11_Init
 .text.BitIoLdd11_GetVal
                0x000026b0       0x28 ./Generated_Code/BitIoLdd11.o
                0x000026b0                BitIoLdd11_GetVal
 .text.BitIoLdd10_Init
                0x000026d8       0x60 ./Generated_Code/BitIoLdd10.o
                0x000026d8                BitIoLdd10_Init
 .text.BitIoLdd10_SetOutput
                0x00002738       0x20 ./Generated_Code/BitIoLdd10.o
                0x00002738                BitIoLdd10_SetOutput
 .text.BitIoLdd10_PutVal
                0x00002758       0x30 ./Generated_Code/BitIoLdd10.o
                0x00002758                BitIoLdd10_PutVal
 .text.ASerialLdd2_Init
                0x00002788      0x1c4 ./Generated_Code/ASerialLdd2.o
                0x00002788                ASerialLdd2_Init
 .text.ASerialLdd2_ReceiveBlock
                0x0000294c       0x98 ./Generated_Code/ASerialLdd2.o
                0x0000294c                ASerialLdd2_ReceiveBlock
 .text.ASerialLdd2_SendBlock
                0x000029e4       0xc4 ./Generated_Code/ASerialLdd2.o
                0x000029e4                ASerialLdd2_SendBlock
 .text.InterruptRx
                0x00002aa8       0x58 ./Generated_Code/ASerialLdd2.o
 .text.InterruptTx
                0x00002b00       0x80 ./Generated_Code/ASerialLdd2.o
 .text.ASerialLdd2_Interrupt
                0x00002b80       0xe4 ./Generated_Code/ASerialLdd2.o
                0x00002b80                ASerialLdd2_Interrupt
 .text.ASerialLdd2_GetError
                0x00002c64       0x74 ./Generated_Code/ASerialLdd2.o
                0x00002c64                ASerialLdd2_GetError
 .text.zero_fill_bss
                0x00002cd8       0x24 ./Project_Settings/Startup_Code/__arm_start.o
 .text.__thumb_startup
                0x00002cfc       0x30 ./Project_Settings/Startup_Code/__arm_start.o
                0x00002cfc                __thumb_startup
 .text._ExitProcess
                0x00002d2c        0xc ./Project_Settings/Startup_Code/__arm_end.o
                0x00002d2c                _ExitProcess
 .text.irSensors
                0x00002d38      0x220 ./Sources/ZumoSensors.o
                0x00002d38                irSensors
 .text.calibrate
                0x00002f58      0x36c ./Sources/ZumoSensors.o
                0x00002f58                calibrate
 .text.readSensors
                0x000032c4       0x80 ./Sources/ZumoSensors.o
                0x000032c4                readSensors
 .text.motor    0x00003344       0xac ./Sources/ZumoMotors.o
                0x00003344                motor
 .text.drive    0x000033f0       0x68 ./Sources/ZumoMotors.o
                0x000033f0                drive
 .text.main     0x00003458       0xf4 ./Sources/ProcessorExpert.o
                0x00003458                main
 .text.propder  0x0000354c      0x18c ./Sources/PID.o
                0x0000354c                propder
 .text.see      0x000036d8       0x98 ./Sources/PID.o
                0x000036d8                see
 .text.Cpu_OnNMIINT
                0x00003770        0x8 ./Sources/Events.o
                0x00003770                Cpu_OnNMIINT
 .text.exit     0x00003778       0x38 C:/Freescale/CW MCU v10.6/MCU/ARM_GCC_Support/ewl/lib/armv6-m\libc.a(exit.o)
                0x00003778                exit
 .text.memset   0x000037b0        0xc C:/Freescale/CW MCU v10.6/MCU/ARM_GCC_Support/ewl/lib/armv6-m\libc.a(memset.o)
                0x000037b0                memset
 .text.__fill_mem
                0x000037bc       0x7e C:/Freescale/CW MCU v10.6/MCU/ARM_GCC_Support/ewl/lib/armv6-m\libc.a(__filll_mem.o)
                0x000037bc                __fill_mem
 .text.memcpy   0x0000383a       0x12 C:/Freescale/CW MCU v10.6/MCU/ARM_GCC_Support/ewl/lib/armv6-m\libc.a(memcpy.o)
                0x0000383a                memcpy
 .text.__init_cpp
                0x0000384c       0x48 C:/Freescale/CW MCU v10.6/MCU/ARM_GCC_Support/ewl/lib/armv6-m\librt.a(gcc_ctor_dtor.o)
                0x0000384c                __init_cpp
 .text.__fini_cpp
                0x00003894       0x34 C:/Freescale/CW MCU v10.6/MCU/ARM_GCC_Support/ewl/lib/armv6-m\librt.a(gcc_ctor_dtor.o)
                0x00003894                __fini_cpp
 .text.__destroy_global_chain
                0x000038c8       0x1c C:/Freescale/CW MCU v10.6/MCU/ARM_GCC_Support/ewl/lib/armv6-m\librt.a(__arm_eabi_init.o)
                0x000038c8                __destroy_global_chain
 .text.__init_registers
                0x000038e4       0x1c C:/Freescale/CW MCU v10.6/MCU/ARM_GCC_Support/ewl/lib/armv6-m\librt.a(__arm_eabi_init.o)
                0x000038e4                __init_registers
 .text.__init_user
                0x00003900        0x4 C:/Freescale/CW MCU v10.6/MCU/ARM_GCC_Support/ewl/lib/armv6-m\librt.a(__arm_eabi_init.o)
                0x00003900                __init_user
 .text.__copy_rom_section
                0x00003904       0x48 C:/Freescale/CW MCU v10.6/MCU/ARM_GCC_Support/ewl/lib/armv6-m\librt.a(ROMCopy.o)
                0x00003904                __copy_rom_section
 .text.__copy_rom_sections_to_ram
                0x0000394c       0x34 C:/Freescale/CW MCU v10.6/MCU/ARM_GCC_Support/ewl/lib/armv6-m\librt.a(ROMCopy.o)
                0x0000394c                __copy_rom_sections_to_ram
 *(.rodata)
 .rodata        0x00003980       0x60 ./Sources/ProcessorExpert.o
 .rodata        0x000039e0       0x40 c:/freescale/cw mcu v10.6/cross_tools/arm-none-eabi-gcc-4_7_3/bin/../lib/gcc/arm-none-eabi/4.7.3/armv6-m\libgcc.a(mulsf3.o)
 *(.rodata*)
 .rodata.ChannelDevice
                0x00003a20        0x4 ./Generated_Code/TU1.o
 .rodata.ChannelMode
                0x00003a24        0x4 ./Generated_Code/TU1.o
 *(.glue_7)
 .glue_7        0x00000000        0x0 linker stubs
 *(.glue_7t)
 .glue_7t       0x00000000        0x0 linker stubs
 *(.eh_frame)
 *(.init)
 *(.fini)
                0x00003a28                . = ALIGN (0x4)
                0x00003a28                _etext = .

.vfp11_veneer   0x00003a28        0x0
 .vfp11_veneer  0x00000000        0x0 linker stubs

.v4_bx          0x00003a28        0x0
 .v4_bx         0x00000000        0x0 linker stubs

.iplt           0x00003a28        0x0
 .iplt          0x00000000        0x0 ./Generated_Code/sens_stanga.o

.ARM.extab
 *(.ARM.extab* .gnu.linkonce.armextab.*)

.ARM            0x00003a28        0x8
                0x00003a28                __exidx_start = .
 *(.ARM.exidx*)
 .ARM.exidx     0x00003a28        0x8 c:/freescale/cw mcu v10.6/cross_tools/arm-none-eabi-gcc-4_7_3/bin/../lib/gcc/arm-none-eabi/4.7.3/armv6-m\libgcc.a(_divdi3.o)
 .ARM.exidx     0x00003a30        0x0 c:/freescale/cw mcu v10.6/cross_tools/arm-none-eabi-gcc-4_7_3/bin/../lib/gcc/arm-none-eabi/4.7.3/armv6-m\libgcc.a(_udivdi3.o)
                                  0x8 (size before relaxing)
                0x00003a30                __exidx_end = .

.rel.dyn        0x00003a30        0x0
 .rel.iplt      0x00000000        0x0 ./Generated_Code/sens_stanga.o

.ctors          0x00003a30        0x0
                0x00003a30                __CTOR_LIST__ = .
 *crtbegin.o(.ctors)
 *(EXCLUDE_FILE(*crtend.o) .ctors)
 *(SORT(.ctors.*))
 *(.ctors)
                0x00003a30                __CTOR_END__ = .

.dtors          0x00003a30        0x0
                0x00003a30                __DTOR_LIST__ = .
 *crtbegin.o(.dtors)
 *(EXCLUDE_FILE(*crtend.o) .dtors)
 *(SORT(.dtors.*))
 *(.dtors)
                0x00003a30                __DTOR_END__ = .

.preinit_array  0x00003a30        0x0
                0x00003a30                PROVIDE (__preinit_array_start, .)
 *(.preinit_array*)
                0x00003a30                PROVIDE (__preinit_array_end, .)

.init_array     0x00003a30        0x0
                0x00003a30                PROVIDE (__init_array_start, .)
 *(SORT(.init_array.*))
 *(.init_array*)
                0x00003a30                PROVIDE (__init_array_end, .)

.fini_array     0x00003a30        0x0
                0x00003a30                PROVIDE (__fini_array_start, .)
 *(SORT(.fini_array.*))
 *(.fini_array*)
                0x00003a30                PROVIDE (__fini_array_end, .)
                0x00003a30                ___ROM_AT = .

.mtb            0x1ffff000        0x0
                0x1ffff000                . = ALIGN (0x8)
                0x1ffff000                _mtb_start = .
 *(.mtb_buf)
                0x1ffff000                . = ALIGN (0x8)
                0x1ffff000                _mtb_end = .

.data           0x1ffff000        0x0 load address 0x00003a30
                0x1ffff000                . = ALIGN (0x4)
                0x1ffff000                _sdata = .
 *(.data)
 *(.data*)
                0x1ffff000                . = ALIGN (0x4)
                0x1ffff000                _edata = .
                0x00000000                ___data_size = (_edata - _sdata)

.igot.plt       0x1ffff000        0x0
 .igot.plt      0x00000000        0x0 ./Generated_Code/sens_stanga.o
                0x1ffff000                . = ALIGN (0x4)

.bss            0x1ffff000      0x134
                0x1ffff000                __START_BSS = .
                0x1ffff000                PROVIDE (__bss_start__, __START_BSS)
 *(.bss)
 *(.bss*)
 .bss.DeviceDataPrv__DEFAULT_RTOS_ALLOC
                0x1ffff000        0xc ./Generated_Code/TU1.o
 .bss.DeviceDataPrv__DEFAULT_RTOS_ALLOC
                0x1ffff00c        0xc ./Generated_Code/PwmLdd2.o
 .bss.DeviceDataPrv__DEFAULT_RTOS_ALLOC
                0x1ffff018        0xc ./Generated_Code/PwmLdd1.o
 .bss.PE_LDD_DeviceDataList
                0x1ffff024       0x40 ./Generated_Code/PE_LDD.o
                0x1ffff024                PE_LDD_DeviceDataList
 .bss.SerFlag   0x1ffff064        0x2 ./Generated_Code/Inhr1.o
 .bss.Inhr1_InpLen
                0x1ffff066        0x2 ./Generated_Code/Inhr1.o
 .bss.InpIndexR
                0x1ffff068        0x2 ./Generated_Code/Inhr1.o
 .bss.InpIndexW
                0x1ffff06a        0x2 ./Generated_Code/Inhr1.o
 .bss.InpBuffer
                0x1ffff06c        0x4 ./Generated_Code/Inhr1.o
 .bss.BufferRead
                0x1ffff070        0x1 ./Generated_Code/Inhr1.o
 *fill*         0x1ffff071        0x1 00
 .bss.Inhr1_OutLen
                0x1ffff072        0x2 ./Generated_Code/Inhr1.o
 .bss.OutIndexR
                0x1ffff074        0x2 ./Generated_Code/Inhr1.o
 .bss.OutIndexW
                0x1ffff076        0x2 ./Generated_Code/Inhr1.o
 .bss.OutBuffer
                0x1ffff078       0x40 ./Generated_Code/Inhr1.o
 .bss.SR_lock   0x1ffff0b8        0x1 ./Generated_Code/Cpu.o
                0x1ffff0b8                SR_lock
 *fill*         0x1ffff0b9        0x3 00
 .bss.DeviceDataPrv__DEFAULT_RTOS_ALLOC
                0x1ffff0bc        0x4 ./Generated_Code/CountTimer.o
 .bss.DeviceDataPrv__DEFAULT_RTOS_ALLOC
                0x1ffff0c0        0x4 ./Generated_Code/BitIoLdd9.o
 .bss.DeviceDataPrv__DEFAULT_RTOS_ALLOC
                0x1ffff0c4        0x4 ./Generated_Code/BitIoLdd8.o
 .bss.DeviceDataPrv__DEFAULT_RTOS_ALLOC
                0x1ffff0c8        0x4 ./Generated_Code/BitIoLdd7.o
 .bss.DeviceDataPrv__DEFAULT_RTOS_ALLOC
                0x1ffff0cc        0x4 ./Generated_Code/BitIoLdd6.o
 .bss.DeviceDataPrv__DEFAULT_RTOS_ALLOC
                0x1ffff0d0        0x4 ./Generated_Code/BitIoLdd5.o
 .bss.DeviceDataPrv__DEFAULT_RTOS_ALLOC
                0x1ffff0d4        0x4 ./Generated_Code/BitIoLdd4.o
 .bss.DeviceDataPrv__DEFAULT_RTOS_ALLOC
                0x1ffff0d8        0x4 ./Generated_Code/BitIoLdd3.o
 .bss.DeviceDataPrv__DEFAULT_RTOS_ALLOC
                0x1ffff0dc        0x4 ./Generated_Code/BitIoLdd2.o
 .bss.DeviceDataPrv__DEFAULT_RTOS_ALLOC
                0x1ffff0e0        0x4 ./Generated_Code/BitIoLdd11.o
 .bss.DeviceDataPrv__DEFAULT_RTOS_ALLOC
                0x1ffff0e4        0x4 ./Generated_Code/BitIoLdd10.o
 .bss.DeviceDataPrv__DEFAULT_RTOS_ALLOC
                0x1ffff0e8       0x20 ./Generated_Code/ASerialLdd2.o
 .bss.INT_UART0__DEFAULT_RTOS_ISRPARAM
                0x1ffff108        0x4 ./Generated_Code/ASerialLdd2.o
 .bss.argv      0x1ffff10c        0x4 ./Project_Settings/Startup_Code/__arm_start.o
 .bss.last_error.5884
                0x1ffff110        0x4 ./Sources/PID.o
 .bss.__stdio_exit
                0x1ffff114        0x4 C:/Freescale/CW MCU v10.6/MCU/ARM_GCC_Support/ewl/lib/armv6-m\libc.a(exit.o)
                0x1ffff114                __stdio_exit
 .bss.__console_exit
                0x1ffff118        0x4 C:/Freescale/CW MCU v10.6/MCU/ARM_GCC_Support/ewl/lib/armv6-m\libc.a(exit.o)
                0x1ffff118                __console_exit
 .bss.__global_destructor_chain
                0x1ffff11c        0x4 C:/Freescale/CW MCU v10.6/MCU/ARM_GCC_Support/ewl/lib/armv6-m\librt.a(__arm_eabi_init.o)
                0x1ffff11c                __global_destructor_chain
 .bss.__S_romp  0x1ffff120        0xc C:/Freescale/CW MCU v10.6/MCU/ARM_GCC_Support/ewl/lib/armv6-m\librt.a(ROMCopy.o)
 *(COMMON)
 COMMON         0x1ffff12c        0x4 ./Generated_Code/Inhr1.o
                0x1ffff12c                ASerialLdd2_DeviceDataPtr
 COMMON         0x1ffff130        0x1 ./Generated_Code/Cpu.o
                0x1ffff130                SR_reg
                0x1ffff134                . = ALIGN (0x4)
 *fill*         0x1ffff131        0x3 00
                0x1ffff134                __END_BSS = .
                0x1ffff134                PROVIDE (__bss_end__, __END_BSS)
                0x00003a30                _romp_at = (___ROM_AT + SIZEOF (.data))

.romp           0x1ffff134       0x18 load address 0x00003a30
                0x00003a30                __S_romp = _romp_at
                0x1ffff134        0x4 LONG 0x3a30 ___ROM_AT
                0x1ffff138        0x4 LONG 0x1ffff000 _sdata
                0x1ffff13c        0x4 LONG 0x0 ___data_size
                0x1ffff140        0x4 LONG 0x0
                0x1ffff144        0x4 LONG 0x0
                0x1ffff148        0x4 LONG 0x0

._user_heap_stack
                0x1ffff14c      0x400 load address 0x00003a48
                0x1ffff14c                . = ALIGN (0x4)
                0x1ffff14c                PROVIDE (end, .)
                0x1ffff14c                PROVIDE (_end, .)
                0x1ffff14c                __heap_addr = .
                0x1ffff14c                . = (. + __heap_size)
                0x1ffff54c                . = (. + __stack_size)
 *fill*         0x1ffff14c      0x400 00
                0x1ffff54c                . = ALIGN (0x4)

.ARM.attributes
                0x00000000       0x31
 *(.ARM.attributes)
 .ARM.attributes
                0x00000000       0x31 ./Generated_Code/WAIT1.o
 .ARM.attributes
                0x00000031       0x31 ./Generated_Code/Vectors.o
 .ARM.attributes
                0x00000062       0x31 ./Generated_Code/TU1.o
 .ARM.attributes
                0x00000093       0x31 ./Generated_Code/PwmLdd2.o
 .ARM.attributes
                0x000000c4       0x31 ./Generated_Code/PwmLdd1.o
 .ARM.attributes
                0x000000f5       0x31 ./Generated_Code/PullUpButton.o
 .ARM.attributes
                0x00000126       0x31 ./Generated_Code/PE_LDD.o
 .ARM.attributes
                0x00000157       0x31 ./Generated_Code/Inhr1.o
 .ARM.attributes
                0x00000188       0x31 ./Generated_Code/Cpu.o
 .ARM.attributes
                0x000001b9       0x31 ./Generated_Code/CountTimer.o
 .ARM.attributes
                0x000001ea       0x31 ./Generated_Code/BitIoLdd9.o
 .ARM.attributes
                0x0000021b       0x31 ./Generated_Code/BitIoLdd8.o
 .ARM.attributes
                0x0000024c       0x31 ./Generated_Code/BitIoLdd7.o
 .ARM.attributes
                0x0000027d       0x31 ./Generated_Code/BitIoLdd6.o
 .ARM.attributes
                0x000002ae       0x31 ./Generated_Code/BitIoLdd5.o
 .ARM.attributes
                0x000002df       0x31 ./Generated_Code/BitIoLdd4.o
 .ARM.attributes
                0x00000310       0x31 ./Generated_Code/BitIoLdd3.o
 .ARM.attributes
                0x00000341       0x31 ./Generated_Code/BitIoLdd2.o
 .ARM.attributes
                0x00000372       0x31 ./Generated_Code/BitIoLdd11.o
 .ARM.attributes
                0x000003a3       0x31 ./Generated_Code/BitIoLdd10.o
 .ARM.attributes
                0x000003d4       0x31 ./Generated_Code/ASerialLdd2.o
 .ARM.attributes
                0x00000405       0x31 ./Project_Settings/Startup_Code/__arm_start.o
 .ARM.attributes
                0x00000436       0x31 ./Project_Settings/Startup_Code/__arm_end.o
 .ARM.attributes
                0x00000467       0x31 ./Sources/ZumoSensors.o
 .ARM.attributes
                0x00000498       0x31 ./Sources/ZumoMotors.o
 .ARM.attributes
                0x000004c9       0x31 ./Sources/ProcessorExpert.o
 .ARM.attributes
                0x000004fa       0x31 ./Sources/PID.o
 .ARM.attributes
                0x0000052b       0x31 ./Sources/Events.o
 .ARM.attributes
                0x0000055c       0x31 C:/Freescale/CW MCU v10.6/MCU/ARM_GCC_Support/ewl/lib/armv6-m\libc.a(exit.o)
 .ARM.attributes
                0x0000058d       0x31 C:/Freescale/CW MCU v10.6/MCU/ARM_GCC_Support/ewl/lib/armv6-m\libc.a(memset.o)
 .ARM.attributes
                0x000005be       0x31 C:/Freescale/CW MCU v10.6/MCU/ARM_GCC_Support/ewl/lib/armv6-m\libc.a(__filll_mem.o)
 .ARM.attributes
                0x000005ef       0x31 C:/Freescale/CW MCU v10.6/MCU/ARM_GCC_Support/ewl/lib/armv6-m\libc.a(memcpy.o)
 .ARM.attributes
                0x00000620       0x1e c:/freescale/cw mcu v10.6/cross_tools/arm-none-eabi-gcc-4_7_3/bin/../lib/gcc/arm-none-eabi/4.7.3/armv6-m\libgcc.a(_udivsi3.o)
 .ARM.attributes
                0x0000063e       0x1e c:/freescale/cw mcu v10.6/cross_tools/arm-none-eabi-gcc-4_7_3/bin/../lib/gcc/arm-none-eabi/4.7.3/armv6-m\libgcc.a(_divsi3.o)
 .ARM.attributes
                0x0000065c       0x1e c:/freescale/cw mcu v10.6/cross_tools/arm-none-eabi-gcc-4_7_3/bin/../lib/gcc/arm-none-eabi/4.7.3/armv6-m\libgcc.a(_dvmd_tls.o)
 .ARM.attributes
                0x0000067a       0x1e c:/freescale/cw mcu v10.6/cross_tools/arm-none-eabi-gcc-4_7_3/bin/../lib/gcc/arm-none-eabi/4.7.3/armv6-m\libgcc.a(_aeabi_ldivmod.o)
 .ARM.attributes
                0x00000698       0x2c c:/freescale/cw mcu v10.6/cross_tools/arm-none-eabi-gcc-4_7_3/bin/../lib/gcc/arm-none-eabi/4.7.3/armv6-m\libgcc.a(_muldi3.o)
 .ARM.attributes
                0x000006c4       0x2c c:/freescale/cw mcu v10.6/cross_tools/arm-none-eabi-gcc-4_7_3/bin/../lib/gcc/arm-none-eabi/4.7.3/armv6-m\libgcc.a(bpabi.o)
 .ARM.attributes
                0x000006f0       0x2c c:/freescale/cw mcu v10.6/cross_tools/arm-none-eabi-gcc-4_7_3/bin/../lib/gcc/arm-none-eabi/4.7.3/armv6-m\libgcc.a(addsf3.o)
 .ARM.attributes
                0x0000071c       0x2c c:/freescale/cw mcu v10.6/cross_tools/arm-none-eabi-gcc-4_7_3/bin/../lib/gcc/arm-none-eabi/4.7.3/armv6-m\libgcc.a(mulsf3.o)
 .ARM.attributes
                0x00000748       0x2c c:/freescale/cw mcu v10.6/cross_tools/arm-none-eabi-gcc-4_7_3/bin/../lib/gcc/arm-none-eabi/4.7.3/armv6-m\libgcc.a(fixsfsi.o)
 .ARM.attributes
                0x00000774       0x2c c:/freescale/cw mcu v10.6/cross_tools/arm-none-eabi-gcc-4_7_3/bin/../lib/gcc/arm-none-eabi/4.7.3/armv6-m\libgcc.a(floatsisf.o)
 .ARM.attributes
                0x000007a0       0x1e c:/freescale/cw mcu v10.6/cross_tools/arm-none-eabi-gcc-4_7_3/bin/../lib/gcc/arm-none-eabi/4.7.3/armv6-m\libgcc.a(_clzsi2.o)
 .ARM.attributes
                0x000007be       0x2c c:/freescale/cw mcu v10.6/cross_tools/arm-none-eabi-gcc-4_7_3/bin/../lib/gcc/arm-none-eabi/4.7.3/armv6-m\libgcc.a(_divdi3.o)
 .ARM.attributes
                0x000007ea       0x2c c:/freescale/cw mcu v10.6/cross_tools/arm-none-eabi-gcc-4_7_3/bin/../lib/gcc/arm-none-eabi/4.7.3/armv6-m\libgcc.a(_udivdi3.o)
 .ARM.attributes
                0x00000816       0x31 C:/Freescale/CW MCU v10.6/MCU/ARM_GCC_Support/ewl/lib/armv6-m\librt.a(gcc_ctor_dtor.o)
 .ARM.attributes
                0x00000847       0x31 C:/Freescale/CW MCU v10.6/MCU/ARM_GCC_Support/ewl/lib/armv6-m\librt.a(__arm_eabi_init.o)
 .ARM.attributes
                0x00000878       0x31 C:/Freescale/CW MCU v10.6/MCU/ARM_GCC_Support/ewl/lib/armv6-m\librt.a(ROMCopy.o)
OUTPUT(FSL_LF_demo.elf elf32-littlearm)

.debug_info     0x00000000     0x66ad
 .debug_info    0x00000000      0x135 ./Generated_Code/WAIT1.o
 .debug_info    0x00000135      0x104 ./Generated_Code/Vectors.o
 .debug_info    0x00000239      0x79c ./Generated_Code/TU1.o
 .debug_info    0x000009d5      0x2ea ./Generated_Code/PwmLdd2.o
 .debug_info    0x00000cbf      0x2ea ./Generated_Code/PwmLdd1.o
 .debug_info    0x00000fa9      0x115 ./Generated_Code/PullUpButton.o
 .debug_info    0x000010be      0x24e ./Generated_Code/PE_LDD.o
 .debug_info    0x0000130c      0x36c ./Generated_Code/Inhr1.o
 .debug_info    0x00001678      0x8e1 ./Generated_Code/Cpu.o
 .debug_info    0x00001f59      0x4c3 ./Generated_Code/CountTimer.o
 .debug_info    0x0000241c      0x426 ./Generated_Code/BitIoLdd9.o
 .debug_info    0x00002842      0x426 ./Generated_Code/BitIoLdd8.o
 .debug_info    0x00002c68      0x426 ./Generated_Code/BitIoLdd7.o
 .debug_info    0x0000308e      0x426 ./Generated_Code/BitIoLdd6.o
 .debug_info    0x000034b4      0x426 ./Generated_Code/BitIoLdd5.o
 .debug_info    0x000038da      0x426 ./Generated_Code/BitIoLdd4.o
 .debug_info    0x00003d00      0x3fb ./Generated_Code/BitIoLdd3.o
 .debug_info    0x000040fb      0x3fb ./Generated_Code/BitIoLdd2.o
 .debug_info    0x000044f6      0x274 ./Generated_Code/BitIoLdd11.o
 .debug_info    0x0000476a      0x450 ./Generated_Code/BitIoLdd10.o
 .debug_info    0x00004bba      0x892 ./Generated_Code/ASerialLdd2.o
 .debug_info    0x0000544c      0x12a ./Project_Settings/Startup_Code/__arm_start.o
 .debug_info    0x00005576       0x54 ./Project_Settings/Startup_Code/__arm_end.o
 .debug_info    0x000055ca      0x279 ./Sources/ZumoSensors.o
 .debug_info    0x00005843      0x130 ./Sources/ZumoMotors.o
 .debug_info    0x00005973      0x17d ./Sources/ProcessorExpert.o
 .debug_info    0x00005af0      0x18e ./Sources/PID.o
 .debug_info    0x00005c7e       0x8b ./Sources/Events.o
 .debug_info    0x00005d09       0xe8 C:/Freescale/CW MCU v10.6/MCU/ARM_GCC_Support/ewl/lib/armv6-m\libc.a(exit.o)
 .debug_info    0x00005df1       0xec C:/Freescale/CW MCU v10.6/MCU/ARM_GCC_Support/ewl/lib/armv6-m\libc.a(memset.o)
 .debug_info    0x00005edd      0x137 C:/Freescale/CW MCU v10.6/MCU/ARM_GCC_Support/ewl/lib/armv6-m\libc.a(__filll_mem.o)
 .debug_info    0x00006014      0x10f C:/Freescale/CW MCU v10.6/MCU/ARM_GCC_Support/ewl/lib/armv6-m\libc.a(memcpy.o)
 .debug_info    0x00006123      0x136 C:/Freescale/CW MCU v10.6/MCU/ARM_GCC_Support/ewl/lib/armv6-m\librt.a(gcc_ctor_dtor.o)
 .debug_info    0x00006259      0x2b9 C:/Freescale/CW MCU v10.6/MCU/ARM_GCC_Support/ewl/lib/armv6-m\librt.a(__arm_eabi_init.o)
 .debug_info    0x00006512      0x19b C:/Freescale/CW MCU v10.6/MCU/ARM_GCC_Support/ewl/lib/armv6-m\librt.a(ROMCopy.o)

.debug_abbrev   0x00000000     0x227b
 .debug_abbrev  0x00000000       0xa3 ./Generated_Code/WAIT1.o
 .debug_abbrev  0x000000a3       0xa3 ./Generated_Code/Vectors.o
 .debug_abbrev  0x00000146      0x18d ./Generated_Code/TU1.o
 .debug_abbrev  0x000002d3      0x114 ./Generated_Code/PwmLdd2.o
 .debug_abbrev  0x000003e7      0x114 ./Generated_Code/PwmLdd1.o
 .debug_abbrev  0x000004fb       0x85 ./Generated_Code/PullUpButton.o
 .debug_abbrev  0x00000580      0x102 ./Generated_Code/PE_LDD.o
 .debug_abbrev  0x00000682      0x145 ./Generated_Code/Inhr1.o
 .debug_abbrev  0x000007c7      0x122 ./Generated_Code/Cpu.o
 .debug_abbrev  0x000008e9      0x12a ./Generated_Code/CountTimer.o
 .debug_abbrev  0x00000a13      0x160 ./Generated_Code/BitIoLdd9.o
 .debug_abbrev  0x00000b73      0x160 ./Generated_Code/BitIoLdd8.o
 .debug_abbrev  0x00000cd3      0x160 ./Generated_Code/BitIoLdd7.o
 .debug_abbrev  0x00000e33      0x160 ./Generated_Code/BitIoLdd6.o
 .debug_abbrev  0x00000f93      0x160 ./Generated_Code/BitIoLdd5.o
 .debug_abbrev  0x000010f3      0x160 ./Generated_Code/BitIoLdd4.o
 .debug_abbrev  0x00001253      0x151 ./Generated_Code/BitIoLdd3.o
 .debug_abbrev  0x000013a4      0x151 ./Generated_Code/BitIoLdd2.o
 .debug_abbrev  0x000014f5       0xed ./Generated_Code/BitIoLdd11.o
 .debug_abbrev  0x000015e2      0x160 ./Generated_Code/BitIoLdd10.o
 .debug_abbrev  0x00001742      0x189 ./Generated_Code/ASerialLdd2.o
 .debug_abbrev  0x000018cb       0x92 ./Project_Settings/Startup_Code/__arm_start.o
 .debug_abbrev  0x0000195d       0x4c ./Project_Settings/Startup_Code/__arm_end.o
 .debug_abbrev  0x000019a9       0xe9 ./Sources/ZumoSensors.o
 .debug_abbrev  0x00001a92       0xb5 ./Sources/ZumoMotors.o
 .debug_abbrev  0x00001b47       0xd3 ./Sources/ProcessorExpert.o
 .debug_abbrev  0x00001c1a       0xcf ./Sources/PID.o
 .debug_abbrev  0x00001ce9       0x3d ./Sources/Events.o
 .debug_abbrev  0x00001d26       0x7a C:/Freescale/CW MCU v10.6/MCU/ARM_GCC_Support/ewl/lib/armv6-m\libc.a(exit.o)
 .debug_abbrev  0x00001da0       0x62 C:/Freescale/CW MCU v10.6/MCU/ARM_GCC_Support/ewl/lib/armv6-m\libc.a(memset.o)
 .debug_abbrev  0x00001e02       0x78 C:/Freescale/CW MCU v10.6/MCU/ARM_GCC_Support/ewl/lib/armv6-m\libc.a(__filll_mem.o)
 .debug_abbrev  0x00001e7a       0x95 C:/Freescale/CW MCU v10.6/MCU/ARM_GCC_Support/ewl/lib/armv6-m\libc.a(memcpy.o)
 .debug_abbrev  0x00001f0f       0x99 C:/Freescale/CW MCU v10.6/MCU/ARM_GCC_Support/ewl/lib/armv6-m\librt.a(gcc_ctor_dtor.o)
 .debug_abbrev  0x00001fa8      0x1b3 C:/Freescale/CW MCU v10.6/MCU/ARM_GCC_Support/ewl/lib/armv6-m\librt.a(__arm_eabi_init.o)
 .debug_abbrev  0x0000215b      0x120 C:/Freescale/CW MCU v10.6/MCU/ARM_GCC_Support/ewl/lib/armv6-m\librt.a(ROMCopy.o)

.debug_loc      0x00000000     0x22b7
 .debug_loc     0x00000000       0xa8 ./Generated_Code/WAIT1.o
 .debug_loc     0x000000a8      0x1f8 ./Generated_Code/TU1.o
 .debug_loc     0x000002a0      0x150 ./Generated_Code/PwmLdd2.o
 .debug_loc     0x000003f0      0x150 ./Generated_Code/PwmLdd1.o
 .debug_loc     0x00000540       0x2c ./Generated_Code/PullUpButton.o
 .debug_loc     0x0000056c       0x9c ./Generated_Code/PE_LDD.o
 .debug_loc     0x00000608      0x1d4 ./Generated_Code/Inhr1.o
 .debug_loc     0x000007dc       0xb0 ./Generated_Code/Cpu.o
 .debug_loc     0x0000088c       0xa8 ./Generated_Code/CountTimer.o
 .debug_loc     0x00000934      0x1c0 ./Generated_Code/BitIoLdd9.o
 .debug_loc     0x00000af4      0x1c0 ./Generated_Code/BitIoLdd8.o
 .debug_loc     0x00000cb4      0x1c0 ./Generated_Code/BitIoLdd7.o
 .debug_loc     0x00000e74      0x1c0 ./Generated_Code/BitIoLdd6.o
 .debug_loc     0x00001034      0x1c0 ./Generated_Code/BitIoLdd5.o
 .debug_loc     0x000011f4      0x1c0 ./Generated_Code/BitIoLdd4.o
 .debug_loc     0x000013b4      0x188 ./Generated_Code/BitIoLdd3.o
 .debug_loc     0x0000153c      0x188 ./Generated_Code/BitIoLdd2.o
 .debug_loc     0x000016c4       0x70 ./Generated_Code/BitIoLdd11.o
 .debug_loc     0x00001734      0x1f8 ./Generated_Code/BitIoLdd10.o
 .debug_loc     0x0000192c      0x194 ./Generated_Code/ASerialLdd2.o
 .debug_loc     0x00001ac0       0x2c ./Project_Settings/Startup_Code/__arm_start.o
 .debug_loc     0x00001aec       0x38 ./Project_Settings/Startup_Code/__arm_end.o
 .debug_loc     0x00001b24       0xf0 ./Sources/ZumoSensors.o
 .debug_loc     0x00001c14       0x70 ./Sources/ZumoMotors.o
 .debug_loc     0x00001c84       0x3a ./Sources/ProcessorExpert.o
 .debug_loc     0x00001cbe       0x70 ./Sources/PID.o
 .debug_loc     0x00001d2e       0x2c ./Sources/Events.o
 .debug_loc     0x00001d5a       0x3e C:/Freescale/CW MCU v10.6/MCU/ARM_GCC_Support/ewl/lib/armv6-m\libc.a(exit.o)
 .debug_loc     0x00001d98       0x6f C:/Freescale/CW MCU v10.6/MCU/ARM_GCC_Support/ewl/lib/armv6-m\libc.a(memset.o)
 .debug_loc     0x00001e07      0x14a C:/Freescale/CW MCU v10.6/MCU/ARM_GCC_Support/ewl/lib/armv6-m\libc.a(__filll_mem.o)
 .debug_loc     0x00001f51       0x59 C:/Freescale/CW MCU v10.6/MCU/ARM_GCC_Support/ewl/lib/armv6-m\libc.a(memcpy.o)
 .debug_loc     0x00001faa       0x9d C:/Freescale/CW MCU v10.6/MCU/ARM_GCC_Support/ewl/lib/armv6-m\librt.a(gcc_ctor_dtor.o)
 .debug_loc     0x00002047      0x197 C:/Freescale/CW MCU v10.6/MCU/ARM_GCC_Support/ewl/lib/armv6-m\librt.a(__arm_eabi_init.o)
 .debug_loc     0x000021de       0xd9 C:/Freescale/CW MCU v10.6/MCU/ARM_GCC_Support/ewl/lib/armv6-m\librt.a(ROMCopy.o)

.debug_aranges  0x00000000      0x830
 .debug_aranges
                0x00000000       0x40 ./Generated_Code/WAIT1.o
 .debug_aranges
                0x00000040       0x18 ./Generated_Code/Vectors.o
 .debug_aranges
                0x00000058       0x60 ./Generated_Code/TU1.o
 .debug_aranges
                0x000000b8       0x48 ./Generated_Code/PwmLdd2.o
 .debug_aranges
                0x00000100       0x48 ./Generated_Code/PwmLdd1.o
 .debug_aranges
                0x00000148       0x20 ./Generated_Code/PullUpButton.o
 .debug_aranges
                0x00000168       0x30 ./Generated_Code/PE_LDD.o
 .debug_aranges
                0x00000198       0x60 ./Generated_Code/Inhr1.o
 .debug_aranges
                0x000001f8       0x38 ./Generated_Code/Cpu.o
 .debug_aranges
                0x00000230       0x30 ./Generated_Code/CountTimer.o
 .debug_aranges
                0x00000260       0x58 ./Generated_Code/BitIoLdd9.o
 .debug_aranges
                0x000002b8       0x58 ./Generated_Code/BitIoLdd8.o
 .debug_aranges
                0x00000310       0x58 ./Generated_Code/BitIoLdd7.o
 .debug_aranges
                0x00000368       0x58 ./Generated_Code/BitIoLdd6.o
 .debug_aranges
                0x000003c0       0x58 ./Generated_Code/BitIoLdd5.o
 .debug_aranges
                0x00000418       0x58 ./Generated_Code/BitIoLdd4.o
 .debug_aranges
                0x00000470       0x50 ./Generated_Code/BitIoLdd3.o
 .debug_aranges
                0x000004c0       0x50 ./Generated_Code/BitIoLdd2.o
 .debug_aranges
                0x00000510       0x28 ./Generated_Code/BitIoLdd11.o
 .debug_aranges
                0x00000538       0x60 ./Generated_Code/BitIoLdd10.o
 .debug_aranges
                0x00000598       0x50 ./Generated_Code/ASerialLdd2.o
 .debug_aranges
                0x000005e8       0x30 ./Project_Settings/Startup_Code/__arm_start.o
 .debug_aranges
                0x00000618       0x20 ./Project_Settings/Startup_Code/__arm_end.o
 .debug_aranges
                0x00000638       0x38 ./Sources/ZumoSensors.o
 .debug_aranges
                0x00000670       0x28 ./Sources/ZumoMotors.o
 .debug_aranges
                0x00000698       0x20 ./Sources/ProcessorExpert.o
 .debug_aranges
                0x000006b8       0x28 ./Sources/PID.o
 .debug_aranges
                0x000006e0       0x20 ./Sources/Events.o
 .debug_aranges
                0x00000700       0x20 C:/Freescale/CW MCU v10.6/MCU/ARM_GCC_Support/ewl/lib/armv6-m\libc.a(exit.o)
 .debug_aranges
                0x00000720       0x20 C:/Freescale/CW MCU v10.6/MCU/ARM_GCC_Support/ewl/lib/armv6-m\libc.a(memset.o)
 .debug_aranges
                0x00000740       0x20 C:/Freescale/CW MCU v10.6/MCU/ARM_GCC_Support/ewl/lib/armv6-m\libc.a(__filll_mem.o)
 .debug_aranges
                0x00000760       0x20 C:/Freescale/CW MCU v10.6/MCU/ARM_GCC_Support/ewl/lib/armv6-m\libc.a(memcpy.o)
 .debug_aranges
                0x00000780       0x28 C:/Freescale/CW MCU v10.6/MCU/ARM_GCC_Support/ewl/lib/armv6-m\librt.a(gcc_ctor_dtor.o)
 .debug_aranges
                0x000007a8       0x58 C:/Freescale/CW MCU v10.6/MCU/ARM_GCC_Support/ewl/lib/armv6-m\librt.a(__arm_eabi_init.o)
 .debug_aranges
                0x00000800       0x30 C:/Freescale/CW MCU v10.6/MCU/ARM_GCC_Support/ewl/lib/armv6-m\librt.a(ROMCopy.o)

.debug_macinfo  0x00000000   0x50ac9c
 .debug_macinfo
                0x00000000    0x2e24e ./Generated_Code/WAIT1.o
 .debug_macinfo
                0x0002e24e    0x356ff ./Generated_Code/Vectors.o
 .debug_macinfo
                0x0006394d    0x30130 ./Generated_Code/TU1.o
 .debug_macinfo
                0x00093a7d    0x30267 ./Generated_Code/PwmLdd2.o
 .debug_macinfo
                0x000c3ce4    0x30267 ./Generated_Code/PwmLdd1.o
 .debug_macinfo
                0x000f3f4b    0x2df1f ./Generated_Code/PullUpButton.o
 .debug_macinfo
                0x00121e6a    0x3566f ./Generated_Code/PE_LDD.o
 .debug_macinfo
                0x001574d9    0x2e25f ./Generated_Code/Inhr1.o
 .debug_macinfo
                0x00185738    0x356ff ./Generated_Code/Cpu.o
 .debug_macinfo
                0x001bae37    0x30074 ./Generated_Code/CountTimer.o
 .debug_macinfo
                0x001eaeab    0x2eed0 ./Generated_Code/BitIoLdd9.o
 .debug_macinfo
                0x00219d7b    0x2eed0 ./Generated_Code/BitIoLdd8.o
 .debug_macinfo
                0x00248c4b    0x2eed0 ./Generated_Code/BitIoLdd7.o
 .debug_macinfo
                0x00277b1b    0x2eed0 ./Generated_Code/BitIoLdd6.o
 .debug_macinfo
                0x002a69eb    0x2eed0 ./Generated_Code/BitIoLdd5.o
 .debug_macinfo
                0x002d58bb    0x2eed0 ./Generated_Code/BitIoLdd4.o
 .debug_macinfo
                0x0030478b    0x2eead ./Generated_Code/BitIoLdd3.o
 .debug_macinfo
                0x00333638    0x2eead ./Generated_Code/BitIoLdd2.o
 .debug_macinfo
                0x003624e5    0x2ee02 ./Generated_Code/BitIoLdd11.o
 .debug_macinfo
                0x003912e7    0x2ef03 ./Generated_Code/BitIoLdd10.o
 .debug_macinfo
                0x003c01ea    0x385ea ./Generated_Code/ASerialLdd2.o
 .debug_macinfo
                0x003f87d4     0x3e6d ./Project_Settings/Startup_Code/__arm_start.o
 .debug_macinfo
                0x003fc641     0x3456 ./Project_Settings/Startup_Code/__arm_end.o
 .debug_macinfo
                0x003ffa97    0x356ce ./Sources/ZumoSensors.o
 .debug_macinfo
                0x00435165    0x356ce ./Sources/ZumoMotors.o
 .debug_macinfo
                0x0046a833    0x356e0 ./Sources/ProcessorExpert.o
 .debug_macinfo
                0x0049ff13    0x356ce ./Sources/PID.o
 .debug_macinfo
                0x004d55e1    0x356bb ./Sources/Events.o

.debug_line     0x00000000     0x69aa
 .debug_line    0x00000000      0x274 ./Generated_Code/WAIT1.o
 .debug_line    0x00000274      0x661 ./Generated_Code/Vectors.o
 .debug_line    0x000008d5      0x359 ./Generated_Code/TU1.o
 .debug_line    0x00000c2e      0x301 ./Generated_Code/PwmLdd2.o
 .debug_line    0x00000f2f      0x301 ./Generated_Code/PwmLdd1.o
 .debug_line    0x00001230      0x228 ./Generated_Code/PullUpButton.o
 .debug_line    0x00001458      0x46b ./Generated_Code/PE_LDD.o
 .debug_line    0x000018c3      0x30b ./Generated_Code/Inhr1.o
 .debug_line    0x00001bce      0x6d7 ./Generated_Code/Cpu.o
 .debug_line    0x000022a5      0x2b1 ./Generated_Code/CountTimer.o
 .debug_line    0x00002556      0x30c ./Generated_Code/BitIoLdd9.o
 .debug_line    0x00002862      0x30c ./Generated_Code/BitIoLdd8.o
 .debug_line    0x00002b6e      0x30c ./Generated_Code/BitIoLdd7.o
 .debug_line    0x00002e7a      0x30c ./Generated_Code/BitIoLdd6.o
 .debug_line    0x00003186      0x30c ./Generated_Code/BitIoLdd5.o
 .debug_line    0x00003492      0x30c ./Generated_Code/BitIoLdd4.o
 .debug_line    0x0000379e      0x2fa ./Generated_Code/BitIoLdd3.o
 .debug_line    0x00003a98      0x2fa ./Generated_Code/BitIoLdd2.o
 .debug_line    0x00003d92      0x29a ./Generated_Code/BitIoLdd11.o
 .debug_line    0x0000402c      0x320 ./Generated_Code/BitIoLdd10.o
 .debug_line    0x0000434c      0x380 ./Generated_Code/ASerialLdd2.o
 .debug_line    0x000046cc      0x292 ./Project_Settings/Startup_Code/__arm_start.o
 .debug_line    0x0000495e      0x266 ./Project_Settings/Startup_Code/__arm_end.o
 .debug_line    0x00004bc4      0x5a9 ./Sources/ZumoSensors.o
 .debug_line    0x0000516d      0x4f6 ./Sources/ZumoMotors.o
 .debug_line    0x00005663      0x4f9 ./Sources/ProcessorExpert.o
 .debug_line    0x00005b5c      0x50c ./Sources/PID.o
 .debug_line    0x00006068      0x464 ./Sources/Events.o
 .debug_line    0x000064cc       0x8d C:/Freescale/CW MCU v10.6/MCU/ARM_GCC_Support/ewl/lib/armv6-m\libc.a(exit.o)
 .debug_line    0x00006559       0x90 C:/Freescale/CW MCU v10.6/MCU/ARM_GCC_Support/ewl/lib/armv6-m\libc.a(memset.o)
 .debug_line    0x000065e9       0xf6 C:/Freescale/CW MCU v10.6/MCU/ARM_GCC_Support/ewl/lib/armv6-m\libc.a(__filll_mem.o)
 .debug_line    0x000066df       0x8b C:/Freescale/CW MCU v10.6/MCU/ARM_GCC_Support/ewl/lib/armv6-m\libc.a(memcpy.o)
 .debug_line    0x0000676a       0x6c C:/Freescale/CW MCU v10.6/MCU/ARM_GCC_Support/ewl/lib/armv6-m\librt.a(gcc_ctor_dtor.o)
 .debug_line    0x000067d6      0x117 C:/Freescale/CW MCU v10.6/MCU/ARM_GCC_Support/ewl/lib/armv6-m\librt.a(__arm_eabi_init.o)
 .debug_line    0x000068ed       0xbd C:/Freescale/CW MCU v10.6/MCU/ARM_GCC_Support/ewl/lib/armv6-m\librt.a(ROMCopy.o)

.debug_str      0x00000000     0x1b30
 .debug_str     0x00000000      0x169 ./Generated_Code/WAIT1.o
                                0x19b (size before relaxing)
 .debug_str     0x00000169       0x55 ./Generated_Code/Vectors.o
                                0x163 (size before relaxing)
 .debug_str     0x000001be      0x34c ./Generated_Code/TU1.o
                                0x477 (size before relaxing)
 .debug_str     0x0000050a       0xe1 ./Generated_Code/PwmLdd2.o
                                0x287 (size before relaxing)
 .debug_str     0x000005eb       0x81 ./Generated_Code/PwmLdd1.o
                                0x287 (size before relaxing)
 .debug_str     0x0000066c       0x51 ./Generated_Code/PullUpButton.o
                                0x17a (size before relaxing)
 .debug_str     0x000006bd      0x172 ./Generated_Code/PE_LDD.o
                                0x2c6 (size before relaxing)
 .debug_str     0x0000082f      0x1a7 ./Generated_Code/Inhr1.o
                                0x2e7 (size before relaxing)
 .debug_str     0x000009d6      0x1ac ./Generated_Code/Cpu.o
                                0x412 (size before relaxing)
 .debug_str     0x00000b82       0x8f ./Generated_Code/CountTimer.o
                                0x350 (size before relaxing)
 .debug_str     0x00000c11       0xfe ./Generated_Code/BitIoLdd9.o
                                0x307 (size before relaxing)
 .debug_str     0x00000d0f       0xd8 ./Generated_Code/BitIoLdd8.o
                                0x307 (size before relaxing)
 .debug_str     0x00000de7       0xd8 ./Generated_Code/BitIoLdd7.o
                                0x307 (size before relaxing)
 .debug_str     0x00000ebf       0xd8 ./Generated_Code/BitIoLdd6.o
                                0x307 (size before relaxing)
 .debug_str     0x00000f97       0xd8 ./Generated_Code/BitIoLdd5.o
                                0x307 (size before relaxing)
 .debug_str     0x0000106f       0xd8 ./Generated_Code/BitIoLdd4.o
                                0x307 (size before relaxing)
 .debug_str     0x00001147       0xc5 ./Generated_Code/BitIoLdd3.o
                                0x2f4 (size before relaxing)
 .debug_str     0x0000120c       0xc5 ./Generated_Code/BitIoLdd2.o
                                0x2f4 (size before relaxing)
 .debug_str     0x000012d1       0x72 ./Generated_Code/BitIoLdd11.o
                                0x262 (size before relaxing)
 .debug_str     0x00001343       0xf5 ./Generated_Code/BitIoLdd10.o
                                0x324 (size before relaxing)
 .debug_str     0x00001438      0x1a5 ./Generated_Code/ASerialLdd2.o
                                0x4d3 (size before relaxing)
 .debug_str     0x000015dd       0x85 ./Project_Settings/Startup_Code/__arm_start.o
                                0x191 (size before relaxing)
 .debug_str     0x00001662       0x41 ./Project_Settings/Startup_Code/__arm_end.o
                                 0xc8 (size before relaxing)
 .debug_str     0x000016a3       0x76 ./Sources/ZumoSensors.o
                                0x1b4 (size before relaxing)
 .debug_str     0x00001719       0x30 ./Sources/ZumoMotors.o
                                0x161 (size before relaxing)
 .debug_str     0x00001749       0x29 ./Sources/ProcessorExpert.o
                                0x19c (size before relaxing)
 .debug_str     0x00001772       0x29 ./Sources/PID.o
                                0x150 (size before relaxing)
 .debug_str     0x0000179b       0x21 ./Sources/Events.o
                                0x126 (size before relaxing)
 .debug_str     0x000017bc       0x5a C:/Freescale/CW MCU v10.6/MCU/ARM_GCC_Support/ewl/lib/armv6-m\libc.a(exit.o)
                                0x157 (size before relaxing)
 .debug_str     0x00001816       0x23 C:/Freescale/CW MCU v10.6/MCU/ARM_GCC_Support/ewl/lib/armv6-m\libc.a(memset.o)
                                0x140 (size before relaxing)
 .debug_str     0x00001839       0x2d C:/Freescale/CW MCU v10.6/MCU/ARM_GCC_Support/ewl/lib/armv6-m\libc.a(__filll_mem.o)
                                0x152 (size before relaxing)
 .debug_str     0x00001866       0x1c C:/Freescale/CW MCU v10.6/MCU/ARM_GCC_Support/ewl/lib/armv6-m\libc.a(memcpy.o)
                                0x138 (size before relaxing)
 .debug_str     0x00001882      0x126 C:/Freescale/CW MCU v10.6/MCU/ARM_GCC_Support/ewl/lib/armv6-m\librt.a(gcc_ctor_dtor.o)
                                0x181 (size before relaxing)
 .debug_str     0x000019a8       0xee C:/Freescale/CW MCU v10.6/MCU/ARM_GCC_Support/ewl/lib/armv6-m\librt.a(__arm_eabi_init.o)
                                0x1b5 (size before relaxing)
 .debug_str     0x00001a96       0x9a C:/Freescale/CW MCU v10.6/MCU/ARM_GCC_Support/ewl/lib/armv6-m\librt.a(ROMCopy.o)
                                0x13c (size before relaxing)

.comment        0x00000000       0x79
 .comment       0x00000000       0x79 ./Generated_Code/WAIT1.o
                                 0x7a (size before relaxing)
 .comment       0x00000000       0x7a ./Generated_Code/Vectors.o
 .comment       0x00000000       0x7a ./Generated_Code/TU1.o
 .comment       0x00000000       0x7a ./Generated_Code/PwmLdd2.o
 .comment       0x00000000       0x7a ./Generated_Code/PwmLdd1.o
 .comment       0x00000000       0x7a ./Generated_Code/PullUpButton.o
 .comment       0x00000000       0x7a ./Generated_Code/PE_LDD.o
 .comment       0x00000000       0x7a ./Generated_Code/Inhr1.o
 .comment       0x00000000       0x7a ./Generated_Code/Cpu.o
 .comment       0x00000000       0x7a ./Generated_Code/CountTimer.o
 .comment       0x00000000       0x7a ./Generated_Code/BitIoLdd9.o
 .comment       0x00000000       0x7a ./Generated_Code/BitIoLdd8.o
 .comment       0x00000000       0x7a ./Generated_Code/BitIoLdd7.o
 .comment       0x00000000       0x7a ./Generated_Code/BitIoLdd6.o
 .comment       0x00000000       0x7a ./Generated_Code/BitIoLdd5.o
 .comment       0x00000000       0x7a ./Generated_Code/BitIoLdd4.o
 .comment       0x00000000       0x7a ./Generated_Code/BitIoLdd3.o
 .comment       0x00000000       0x7a ./Generated_Code/BitIoLdd2.o
 .comment       0x00000000       0x7a ./Generated_Code/BitIoLdd11.o
 .comment       0x00000000       0x7a ./Generated_Code/BitIoLdd10.o
 .comment       0x00000000       0x7a ./Generated_Code/ASerialLdd2.o
 .comment       0x00000000       0x7a ./Project_Settings/Startup_Code/__arm_start.o
 .comment       0x00000000       0x7a ./Project_Settings/Startup_Code/__arm_end.o
 .comment       0x00000000       0x7a ./Sources/ZumoSensors.o
 .comment       0x00000000       0x7a ./Sources/ZumoMotors.o
 .comment       0x00000000       0x7a ./Sources/ProcessorExpert.o
 .comment       0x00000000       0x7a ./Sources/PID.o
 .comment       0x00000000       0x7a ./Sources/Events.o
 .comment       0x00000000       0x7a C:/Freescale/CW MCU v10.6/MCU/ARM_GCC_Support/ewl/lib/armv6-m\libc.a(exit.o)
 .comment       0x00000000       0x7a C:/Freescale/CW MCU v10.6/MCU/ARM_GCC_Support/ewl/lib/armv6-m\libc.a(memset.o)
 .comment       0x00000000       0x7a C:/Freescale/CW MCU v10.6/MCU/ARM_GCC_Support/ewl/lib/armv6-m\libc.a(__filll_mem.o)
 .comment       0x00000000       0x7a C:/Freescale/CW MCU v10.6/MCU/ARM_GCC_Support/ewl/lib/armv6-m\libc.a(memcpy.o)
 .comment       0x00000000       0x7a C:/Freescale/CW MCU v10.6/MCU/ARM_GCC_Support/ewl/lib/armv6-m\librt.a(gcc_ctor_dtor.o)
 .comment       0x00000000       0x7a C:/Freescale/CW MCU v10.6/MCU/ARM_GCC_Support/ewl/lib/armv6-m\librt.a(__arm_eabi_init.o)
 .comment       0x00000000       0x7a C:/Freescale/CW MCU v10.6/MCU/ARM_GCC_Support/ewl/lib/armv6-m\librt.a(ROMCopy.o)

.debug_frame    0x00000000     0x16d8
 .debug_frame   0x00000000       0x90 ./Generated_Code/WAIT1.o
 .debug_frame   0x00000090      0x130 ./Generated_Code/TU1.o
 .debug_frame   0x000001c0       0xd0 ./Generated_Code/PwmLdd2.o
 .debug_frame   0x00000290       0xd0 ./Generated_Code/PwmLdd1.o
 .debug_frame   0x00000360       0x2c ./Generated_Code/PullUpButton.o
 .debug_frame   0x0000038c       0x6c ./Generated_Code/PE_LDD.o
 .debug_frame   0x000003f8      0x124 ./Generated_Code/Inhr1.o
 .debug_frame   0x0000051c       0x80 ./Generated_Code/Cpu.o
 .debug_frame   0x0000059c       0x70 ./Generated_Code/CountTimer.o
 .debug_frame   0x0000060c      0x110 ./Generated_Code/BitIoLdd9.o
 .debug_frame   0x0000071c      0x110 ./Generated_Code/BitIoLdd8.o
 .debug_frame   0x0000082c      0x110 ./Generated_Code/BitIoLdd7.o
 .debug_frame   0x0000093c      0x110 ./Generated_Code/BitIoLdd6.o
 .debug_frame   0x00000a4c      0x110 ./Generated_Code/BitIoLdd5.o
 .debug_frame   0x00000b5c      0x110 ./Generated_Code/BitIoLdd4.o
 .debug_frame   0x00000c6c       0xf0 ./Generated_Code/BitIoLdd3.o
 .debug_frame   0x00000d5c       0xf0 ./Generated_Code/BitIoLdd2.o
 .debug_frame   0x00000e4c       0x50 ./Generated_Code/BitIoLdd11.o
 .debug_frame   0x00000e9c      0x130 ./Generated_Code/BitIoLdd10.o
 .debug_frame   0x00000fcc       0xf8 ./Generated_Code/ASerialLdd2.o
 .debug_frame   0x000010c4       0x4c ./Project_Settings/Startup_Code/__arm_start.o
 .debug_frame   0x00001110       0x30 ./Project_Settings/Startup_Code/__arm_end.o
 .debug_frame   0x00001140       0x9c ./Sources/ZumoSensors.o
 .debug_frame   0x000011dc       0x50 ./Sources/ZumoMotors.o
 .debug_frame   0x0000122c       0x30 ./Sources/ProcessorExpert.o
 .debug_frame   0x0000125c       0x50 ./Sources/PID.o
 .debug_frame   0x000012ac       0x2c ./Sources/Events.o
 .debug_frame   0x000012d8       0x2c C:/Freescale/CW MCU v10.6/MCU/ARM_GCC_Support/ewl/lib/armv6-m\libc.a(exit.o)
 .debug_frame   0x00001304       0x28 C:/Freescale/CW MCU v10.6/MCU/ARM_GCC_Support/ewl/lib/armv6-m\libc.a(memset.o)
 .debug_frame   0x0000132c       0x2c C:/Freescale/CW MCU v10.6/MCU/ARM_GCC_Support/ewl/lib/armv6-m\libc.a(__filll_mem.o)
 .debug_frame   0x00001358       0x28 C:/Freescale/CW MCU v10.6/MCU/ARM_GCC_Support/ewl/lib/armv6-m\libc.a(memcpy.o)
 .debug_frame   0x00001380       0x20 c:/freescale/cw mcu v10.6/cross_tools/arm-none-eabi-gcc-4_7_3/bin/../lib/gcc/arm-none-eabi/4.7.3/armv6-m\libgcc.a(_udivsi3.o)
 .debug_frame   0x000013a0       0x20 c:/freescale/cw mcu v10.6/cross_tools/arm-none-eabi-gcc-4_7_3/bin/../lib/gcc/arm-none-eabi/4.7.3/armv6-m\libgcc.a(_divsi3.o)
 .debug_frame   0x000013c0       0x30 c:/freescale/cw mcu v10.6/cross_tools/arm-none-eabi-gcc-4_7_3/bin/../lib/gcc/arm-none-eabi/4.7.3/armv6-m\libgcc.a(_muldi3.o)
 .debug_frame   0x000013f0       0x60 c:/freescale/cw mcu v10.6/cross_tools/arm-none-eabi-gcc-4_7_3/bin/../lib/gcc/arm-none-eabi/4.7.3/armv6-m\libgcc.a(bpabi.o)
 .debug_frame   0x00001450       0x30 c:/freescale/cw mcu v10.6/cross_tools/arm-none-eabi-gcc-4_7_3/bin/../lib/gcc/arm-none-eabi/4.7.3/armv6-m\libgcc.a(addsf3.o)
 .debug_frame   0x00001480       0x3c c:/freescale/cw mcu v10.6/cross_tools/arm-none-eabi-gcc-4_7_3/bin/../lib/gcc/arm-none-eabi/4.7.3/armv6-m\libgcc.a(mulsf3.o)
 .debug_frame   0x000014bc       0x28 c:/freescale/cw mcu v10.6/cross_tools/arm-none-eabi-gcc-4_7_3/bin/../lib/gcc/arm-none-eabi/4.7.3/armv6-m\libgcc.a(fixsfsi.o)
 .debug_frame   0x000014e4       0x2c c:/freescale/cw mcu v10.6/cross_tools/arm-none-eabi-gcc-4_7_3/bin/../lib/gcc/arm-none-eabi/4.7.3/armv6-m\libgcc.a(floatsisf.o)
 .debug_frame   0x00001510       0x3c c:/freescale/cw mcu v10.6/cross_tools/arm-none-eabi-gcc-4_7_3/bin/../lib/gcc/arm-none-eabi/4.7.3/armv6-m\libgcc.a(_divdi3.o)
 .debug_frame   0x0000154c       0x3c c:/freescale/cw mcu v10.6/cross_tools/arm-none-eabi-gcc-4_7_3/bin/../lib/gcc/arm-none-eabi/4.7.3/armv6-m\libgcc.a(_udivdi3.o)
 .debug_frame   0x00001588       0x40 C:/Freescale/CW MCU v10.6/MCU/ARM_GCC_Support/ewl/lib/armv6-m\librt.a(gcc_ctor_dtor.o)
 .debug_frame   0x000015c8       0xbc C:/Freescale/CW MCU v10.6/MCU/ARM_GCC_Support/ewl/lib/armv6-m\librt.a(__arm_eabi_init.o)
 .debug_frame   0x00001684       0x54 C:/Freescale/CW MCU v10.6/MCU/ARM_GCC_Support/ewl/lib/armv6-m\librt.a(ROMCopy.o)
