Archive member included because of file (symbol)

C:/Freescale/CW MCU v10.6/MCU/ARM_GCC_Support/ewl/lib/armv6-m\libc.a(exit.o)
                              ./Project_Settings/Startup_Code/__arm_start.o (exit)
C:/Freescale/CW MCU v10.6/MCU/ARM_GCC_Support/ewl/lib/armv6-m\libc.a(memset.o)
                              ./Project_Settings/Startup_Code/__arm_start.o (memset)
C:/Freescale/CW MCU v10.6/MCU/ARM_GCC_Support/ewl/lib/armv6-m\libc.a(__filll_mem.o)
                              C:/Freescale/CW MCU v10.6/MCU/ARM_GCC_Support/ewl/lib/armv6-m\libc.a(memset.o) (__fill_mem)
c:/freescale/cw mcu v10.6/cross_tools/arm-none-eabi-gcc-4_7_3/bin/../lib/gcc/arm-none-eabi/4.7.3/armv6-m\libgcc.a(_udivsi3.o)
                              ./Generated_Code/Term1.o (__aeabi_uidiv)
c:/freescale/cw mcu v10.6/cross_tools/arm-none-eabi-gcc-4_7_3/bin/../lib/gcc/arm-none-eabi/4.7.3/armv6-m\libgcc.a(_dvmd_tls.o)
                              c:/freescale/cw mcu v10.6/cross_tools/arm-none-eabi-gcc-4_7_3/bin/../lib/gcc/arm-none-eabi/4.7.3/armv6-m\libgcc.a(_udivsi3.o) (__aeabi_idiv0)
c:/freescale/cw mcu v10.6/cross_tools/arm-none-eabi-gcc-4_7_3/bin/../lib/gcc/arm-none-eabi/4.7.3/armv6-m\libgcc.a(_arm_cmpsf2.o)
                              ./Generated_Code/Term1.o (__aeabi_fcmplt)
c:/freescale/cw mcu v10.6/cross_tools/arm-none-eabi-gcc-4_7_3/bin/../lib/gcc/arm-none-eabi/4.7.3/armv6-m\libgcc.a(_aeabi_ldivmod.o)
                              ./Sources/ZumoSensors.o (__aeabi_ldivmod)
c:/freescale/cw mcu v10.6/cross_tools/arm-none-eabi-gcc-4_7_3/bin/../lib/gcc/arm-none-eabi/4.7.3/armv6-m\libgcc.a(_muldi3.o)
                              ./Sources/ZumoSensors.o (__aeabi_lmul)
c:/freescale/cw mcu v10.6/cross_tools/arm-none-eabi-gcc-4_7_3/bin/../lib/gcc/arm-none-eabi/4.7.3/armv6-m\libgcc.a(_fixunssfsi.o)
                              ./Generated_Code/Term1.o (__aeabi_f2uiz)
c:/freescale/cw mcu v10.6/cross_tools/arm-none-eabi-gcc-4_7_3/bin/../lib/gcc/arm-none-eabi/4.7.3/armv6-m\libgcc.a(bpabi.o)
                              c:/freescale/cw mcu v10.6/cross_tools/arm-none-eabi-gcc-4_7_3/bin/../lib/gcc/arm-none-eabi/4.7.3/armv6-m\libgcc.a(_aeabi_ldivmod.o) (__gnu_ldivmod_helper)
c:/freescale/cw mcu v10.6/cross_tools/arm-none-eabi-gcc-4_7_3/bin/../lib/gcc/arm-none-eabi/4.7.3/armv6-m\libgcc.a(eqsf2.o)
                              c:/freescale/cw mcu v10.6/cross_tools/arm-none-eabi-gcc-4_7_3/bin/../lib/gcc/arm-none-eabi/4.7.3/armv6-m\libgcc.a(_arm_cmpsf2.o) (__eqsf2)
c:/freescale/cw mcu v10.6/cross_tools/arm-none-eabi-gcc-4_7_3/bin/../lib/gcc/arm-none-eabi/4.7.3/armv6-m\libgcc.a(gesf2.o)
                              c:/freescale/cw mcu v10.6/cross_tools/arm-none-eabi-gcc-4_7_3/bin/../lib/gcc/arm-none-eabi/4.7.3/armv6-m\libgcc.a(_arm_cmpsf2.o) (__gesf2)
c:/freescale/cw mcu v10.6/cross_tools/arm-none-eabi-gcc-4_7_3/bin/../lib/gcc/arm-none-eabi/4.7.3/armv6-m\libgcc.a(lesf2.o)
                              c:/freescale/cw mcu v10.6/cross_tools/arm-none-eabi-gcc-4_7_3/bin/../lib/gcc/arm-none-eabi/4.7.3/armv6-m\libgcc.a(_arm_cmpsf2.o) (__lesf2)
c:/freescale/cw mcu v10.6/cross_tools/arm-none-eabi-gcc-4_7_3/bin/../lib/gcc/arm-none-eabi/4.7.3/armv6-m\libgcc.a(mulsf3.o)
                              ./Generated_Code/Term1.o (__aeabi_fmul)
c:/freescale/cw mcu v10.6/cross_tools/arm-none-eabi-gcc-4_7_3/bin/../lib/gcc/arm-none-eabi/4.7.3/armv6-m\libgcc.a(subsf3.o)
                              ./Generated_Code/Term1.o (__aeabi_fsub)
c:/freescale/cw mcu v10.6/cross_tools/arm-none-eabi-gcc-4_7_3/bin/../lib/gcc/arm-none-eabi/4.7.3/armv6-m\libgcc.a(fixsfsi.o)
                              c:/freescale/cw mcu v10.6/cross_tools/arm-none-eabi-gcc-4_7_3/bin/../lib/gcc/arm-none-eabi/4.7.3/armv6-m\libgcc.a(_fixunssfsi.o) (__aeabi_f2iz)
c:/freescale/cw mcu v10.6/cross_tools/arm-none-eabi-gcc-4_7_3/bin/../lib/gcc/arm-none-eabi/4.7.3/armv6-m\libgcc.a(floatsisf.o)
                              ./Generated_Code/PwmLdd2.o (__aeabi_i2f)
c:/freescale/cw mcu v10.6/cross_tools/arm-none-eabi-gcc-4_7_3/bin/../lib/gcc/arm-none-eabi/4.7.3/armv6-m\libgcc.a(floatunsisf.o)
                              ./Generated_Code/Term1.o (__aeabi_ui2f)
c:/freescale/cw mcu v10.6/cross_tools/arm-none-eabi-gcc-4_7_3/bin/../lib/gcc/arm-none-eabi/4.7.3/armv6-m\libgcc.a(_clzsi2.o)
                              c:/freescale/cw mcu v10.6/cross_tools/arm-none-eabi-gcc-4_7_3/bin/../lib/gcc/arm-none-eabi/4.7.3/armv6-m\libgcc.a(mulsf3.o) (__clzsi2)
c:/freescale/cw mcu v10.6/cross_tools/arm-none-eabi-gcc-4_7_3/bin/../lib/gcc/arm-none-eabi/4.7.3/armv6-m\libgcc.a(_divdi3.o)
                              c:/freescale/cw mcu v10.6/cross_tools/arm-none-eabi-gcc-4_7_3/bin/../lib/gcc/arm-none-eabi/4.7.3/armv6-m\libgcc.a(bpabi.o) (__divdi3)
c:/freescale/cw mcu v10.6/cross_tools/arm-none-eabi-gcc-4_7_3/bin/../lib/gcc/arm-none-eabi/4.7.3/armv6-m\libgcc.a(_udivdi3.o)
[...]
Memory Configuration

Name             Origin             Length             Attributes
m_interrupts     0x00000000         0x000000c0         xr
m_text           0x00000410         0x0001fbf0         xr
m_data           0x1ffff000         0x00004000         rw
m_cfmprotrom     0x00000400         0x00000010         xr
*default*        0x00000000         0xffffffff

Linker script and memory map

LOAD ./Generated_Code/sens_stanga.o
LOAD ./Generated_Code/sens_dreapta.o
LOAD ./Generated_Code/WAIT1.o
LOAD ./Generated_Code/Vectors.o
LOAD ./Generated_Code/Term1.o
LOAD ./Generated_Code/TU2.o
LOAD ./Generated_Code/TU1.o
LOAD ./Generated_Code/PwmLdd2.o
LOAD ./Generated_Code/PwmLdd1.o
LOAD ./Generated_Code/PullUpButton.o
LOAD ./Generated_Code/PWM_stanga.o
LOAD ./Generated_Code/PWM_dreapta.o
LOAD ./Generated_Code/PE_LDD.o
LOAD ./Generated_Code/Inhr1.o
LOAD ./Generated_Code/IR_LED.o
LOAD ./Generated_Code/D5.o
LOAD ./Generated_Code/D11.o
LOAD ./Generated_Code/Cpu.o
LOAD ./Generated_Code/CountTimer.o
LOAD ./Generated_Code/Button.o
LOAD ./Generated_Code/BitIoLdd9.o
LOAD ./Generated_Code/BitIoLdd8.o
LOAD ./Generated_Code/BitIoLdd7.o
LOAD ./Generated_Code/BitIoLdd6.o
LOAD ./Generated_Code/BitIoLdd5.o
LOAD ./Generated_Code/BitIoLdd4.o
LOAD ./Generated_Code/BitIoLdd3.o
LOAD ./Generated_Code/BitIoLdd2.o
LOAD ./Generated_Code/BitIoLdd11.o
LOAD ./Generated_Code/BitIoLdd10.o
LOAD ./Generated_Code/ASerialLdd2.o
LOAD ./Generated_Code/A3.o
LOAD ./Generated_Code/A2.o
LOAD ./Generated_Code/A1.o
LOAD ./Generated_Code/A0.o
LOAD ./Project_Settings/Startup_Code/__arm_start.o
LOAD ./Project_Settings/Startup_Code/__arm_end.o
LOAD ./Sources/sa_mtb.o
LOAD ./Sources/ZumoSensors.o
LOAD ./Sources/ZumoMotors.o
LOAD ./Sources/ProcessorExpert.o
LOAD ./Sources/PID.o
LOAD ./Sources/Events.o
START GROUP
LOAD C:/Freescale/CW MCU v10.6/MCU/ARM_GCC_Support/ewl/lib/armv6-m\libc.a
LOAD C:/Freescale/CW MCU v10.6/MCU/ARM_GCC_Support/ewl/lib/armv6-m\libm.a
LOAD c:/freescale/cw mcu v10.6/cross_tools/arm-none-eabi-gcc-4_7_3/bin/../lib/gcc/arm-none-eabi/4.7.3/armv6-m\libgcc.a
LOAD C:/Freescale/CW MCU v10.6/MCU/ARM_GCC_Support/ewl/lib/armv6-m\librt.a
END GROUP
                0x20003000                _estack = 0x20003000
                0x20003000                __SP_INIT = _estack
                0x00000000                __heap_size = 0x0
                0x00000400                __stack_size = 0x400

.interrupts     0x00000000       0xc0
                0x00000000                __vector_table = .
                0x00000000                . = ALIGN (0x4)
 *(.vectortable)
 .vectortable   0x00000000       0xc0 ./Generated_Code/Vectors.o
                0x00000000                __vect_table
                0x000000c0                . = ALIGN (0x4)

.cfmprotect     0x00000400       0x10
                0x00000400                . = ALIGN (0x4)
 *(.cfmconfig)
 .cfmconfig     0x00000400       0x10 ./Generated_Code/Cpu.o
                0x00000400                _cfm
                0x00000410                . = ALIGN (0x4)

.text           0x00000410     0x1eb8
                0x00000410                . = ALIGN (0x4)
 *(.text)
 .text          0x00000410       0x9c c:/freescale/cw mcu v10.6/cross_tools/arm-none-eabi-gcc-4_7_3/bin/../lib/gcc/arm-none-eabi/4.7.3/armv6-m\libgcc.a(_udivsi3.o)
                0x00000410                __aeabi_uidiv
                0x00000410                __udivsi3
                0x00000498                __aeabi_uidivmod
 .text          0x000004ac        0x4 c:/freescale/cw mcu v10.6/cross_tools/arm-none-eabi-gcc-4_7_3/bin/../lib/gcc/arm-none-eabi/4.7.3/armv6-m\libgcc.a(_dvmd_tls.o)
                0x000004ac                __aeabi_idiv0
                0x000004ac                __aeabi_ldiv0
 *(.text*)
 .text.WAIT1_Wait10Cycles
                0x000004b0        0x8 ./Generated_Code/WAIT1.o
                0x000004b0                WAIT1_Wait10Cycles
 .text.WAIT1_Wait100Cycles
                0x000004b8       0x18 ./Generated_Code/WAIT1.o
                0x000004b8                WAIT1_Wait100Cycles
 .text.WAIT1_WaitCycles
                0x000004d0       0x44 ./Generated_Code/WAIT1.o
                0x000004d0                WAIT1_WaitCycles
 .text.Term1_SendChar
                0x00000514       0x24 ./Generated_Code/Term1.o
                0x00000514                Term1_SendChar
 .text.Term1_SendStr
                0x00000538       0x34 ./Generated_Code/Term1.o
                0x00000538                Term1_SendStr
 .text.LongToStr
                0x0000056c      0x15c ./Generated_Code/Term1.o
 .text.Term1_SendNum
                0x000006c8       0x60 ./Generated_Code/Term1.o
                0x000006c8                Term1_SendNum
 .text.TU1_Init
                0x00000728       0xf4 ./Generated_Code/TU1.o
                0x00000728                TU1_Init
 .text.PwmLdd2_Init
                0x0000081c       0x54 ./Generated_Code/PwmLdd2.o
                0x0000081c                PwmLdd2_Init
 .text.PwmLdd1_Init
                0x00000870       0x54 ./Generated_Code/PwmLdd1.o
                0x00000870                PwmLdd1_Init
 .text.PullUpButton_Init
                0x000008c4       0x18 ./Generated_Code/PullUpButton.o
                0x000008c4                PullUpButton_Init
 .text.HWEnDi   0x000008dc       0x20 ./Generated_Code/Inhr1.o
 .text.Inhr1_SendChar
                0x000008fc       0xec ./Generated_Code/Inhr1.o
                0x000008fc                Inhr1_SendChar
 .text.Inhr1_Init
                0x000009e8       0x64 ./Generated_Code/Inhr1.o
                0x000009e8                Inhr1_Init
 .text.ASerialLdd2_OnBlockReceived
                0x00000a4c       0x80 ./Generated_Code/Inhr1.o
                0x00000a4c                ASerialLdd2_OnBlockReceived
 .text.ASerialLdd2_OnBlockSent
                0x00000acc       0x88 ./Generated_Code/Inhr1.o
                0x00000acc                ASerialLdd2_OnBlockSent
 .text.ASerialLdd2_OnError
                0x00000b54       0x90 ./Generated_Code/Inhr1.o
                0x00000b54                ASerialLdd2_OnError
 .text.ASerialLdd2_OnBreak
                0x00000be4       0x20 ./Generated_Code/Inhr1.o
                0x00000be4                ASerialLdd2_OnBreak
 .text.Cpu_INT_NMIInterrupt
                0x00000c04        0xc ./Generated_Code/Cpu.o
                0x00000c04                Cpu_INT_NMIInterrupt
 .text.Cpu_Interrupt
                0x00000c10        0xc ./Generated_Code/Cpu.o
                0x00000c10                Cpu_Interrupt
 .text.__init_hardware
                0x00000c1c      0x120 ./Generated_Code/Cpu.o
                0x00000c1c                __init_hardware
 .text.PE_low_level_init
                0x00000d3c      0x14c ./Generated_Code/Cpu.o
                0x00000d3c                PE_low_level_init
 .text.CountTimer_Init
                0x00000e88       0x70 ./Generated_Code/CountTimer.o
                0x00000e88                CountTimer_Init
 .text.CountTimer_ResetCounter
                0x00000ef8       0x1c ./Generated_Code/CountTimer.o
                0x00000ef8                CountTimer_ResetCounter
 .text.CountTimer_GetCounterValue
                0x00000f14       0x18 ./Generated_Code/CountTimer.o
                0x00000f14                CountTimer_GetCounterValue
 .text.BitIoLdd9_Init
                0x00000f2c       0x60 ./Generated_Code/BitIoLdd9.o
                0x00000f2c                BitIoLdd9_Init
 .text.BitIoLdd9_SetInput
                0x00000f8c       0x20 ./Generated_Code/BitIoLdd9.o
                0x00000f8c                BitIoLdd9_SetInput
 .text.BitIoLdd9_SetOutput
                0x00000fac       0x20 ./Generated_Code/BitIoLdd9.o
                0x00000fac                BitIoLdd9_SetOutput
 .text.BitIoLdd9_GetVal
                0x00000fcc       0x3c ./Generated_Code/BitIoLdd9.o
                0x00000fcc                BitIoLdd9_GetVal
 .text.BitIoLdd9_PutVal
                0x00001008       0x30 ./Generated_Code/BitIoLdd9.o
                0x00001008                BitIoLdd9_PutVal
 .text.BitIoLdd8_Init
                0x00001038       0x60 ./Generated_Code/BitIoLdd8.o
                0x00001038                BitIoLdd8_Init
 .text.BitIoLdd8_SetInput
                0x00001098       0x20 ./Generated_Code/BitIoLdd8.o
                0x00001098                BitIoLdd8_SetInput
 .text.BitIoLdd8_SetOutput
                0x000010b8       0x20 ./Generated_Code/BitIoLdd8.o
                0x000010b8                BitIoLdd8_SetOutput
 .text.BitIoLdd8_GetVal
                0x000010d8       0x3c ./Generated_Code/BitIoLdd8.o
                0x000010d8                BitIoLdd8_GetVal
 .text.BitIoLdd8_PutVal
                0x00001114       0x30 ./Generated_Code/BitIoLdd8.o
                0x00001114                BitIoLdd8_PutVal
 .text.BitIoLdd7_Init
                0x00001144       0x60 ./Generated_Code/BitIoLdd7.o
                0x00001144                BitIoLdd7_Init
 .text.BitIoLdd7_SetInput
                0x000011a4       0x20 ./Generated_Code/BitIoLdd7.o
                0x000011a4                BitIoLdd7_SetInput
 .text.BitIoLdd7_SetOutput
                0x000011c4       0x20 ./Generated_Code/BitIoLdd7.o
                0x000011c4                BitIoLdd7_SetOutput
 .text.BitIoLdd7_GetVal
                0x000011e4       0x3c ./Generated_Code/BitIoLdd7.o
                0x000011e4                BitIoLdd7_GetVal
 .text.BitIoLdd7_PutVal
                0x00001220       0x30 ./Generated_Code/BitIoLdd7.o
                0x00001220                BitIoLdd7_PutVal
 .text.BitIoLdd6_Init
                0x00001250       0x60 ./Generated_Code/BitIoLdd6.o
                0x00001250                BitIoLdd6_Init
 .text.BitIoLdd6_SetInput
                0x000012b0       0x20 ./Generated_Code/BitIoLdd6.o
                0x000012b0                BitIoLdd6_SetInput
 .text.BitIoLdd6_SetOutput
                0x000012d0       0x20 ./Generated_Code/BitIoLdd6.o
                0x000012d0                BitIoLdd6_SetOutput
 .text.BitIoLdd6_GetVal
                0x000012f0       0x3c ./Generated_Code/BitIoLdd6.o
                0x000012f0                BitIoLdd6_GetVal
 .text.BitIoLdd6_PutVal
                0x0000132c       0x30 ./Generated_Code/BitIoLdd6.o
                0x0000132c                BitIoLdd6_PutVal
 .text.BitIoLdd5_Init
                0x0000135c       0x60 ./Generated_Code/BitIoLdd5.o
                0x0000135c                BitIoLdd5_Init
 .text.BitIoLdd5_SetInput
                0x000013bc       0x20 ./Generated_Code/BitIoLdd5.o
                0x000013bc                BitIoLdd5_SetInput
 .text.BitIoLdd5_SetOutput
                0x000013dc       0x20 ./Generated_Code/BitIoLdd5.o
                0x000013dc                BitIoLdd5_SetOutput
 .text.BitIoLdd5_GetVal
                0x000013fc       0x3c ./Generated_Code/BitIoLdd5.o
                0x000013fc                BitIoLdd5_GetVal
 .text.BitIoLdd5_PutVal
                0x00001438       0x30 ./Generated_Code/BitIoLdd5.o
                0x00001438                BitIoLdd5_PutVal
 .text.BitIoLdd4_Init
                0x00001468       0x60 ./Generated_Code/BitIoLdd4.o
                0x00001468                BitIoLdd4_Init
 .text.BitIoLdd4_SetInput
                0x000014c8       0x20 ./Generated_Code/BitIoLdd4.o
                0x000014c8                BitIoLdd4_SetInput
 .text.BitIoLdd4_SetOutput
                0x000014e8       0x20 ./Generated_Code/BitIoLdd4.o
                0x000014e8                BitIoLdd4_SetOutput
 .text.BitIoLdd4_GetVal
                0x00001508       0x3c ./Generated_Code/BitIoLdd4.o
                0x00001508                BitIoLdd4_GetVal
 .text.BitIoLdd4_PutVal
                0x00001544       0x30 ./Generated_Code/BitIoLdd4.o
                0x00001544                BitIoLdd4_PutVal
 .text.BitIoLdd3_Init
                0x00001574       0x64 ./Generated_Code/BitIoLdd3.o
                0x00001574                BitIoLdd3_Init
 .text.BitIoLdd2_Init
                0x000015d8       0x64 ./Generated_Code/BitIoLdd2.o
                0x000015d8                BitIoLdd2_Init
 .text.BitIoLdd11_Init
                0x0000163c       0x3c ./Generated_Code/BitIoLdd11.o
                0x0000163c                BitIoLdd11_Init
 .text.BitIoLdd10_Init
                0x00001678       0x60 ./Generated_Code/BitIoLdd10.o
                0x00001678                BitIoLdd10_Init
 .text.BitIoLdd10_SetOutput
                0x000016d8       0x20 ./Generated_Code/BitIoLdd10.o
                0x000016d8                BitIoLdd10_SetOutput
 .text.BitIoLdd10_PutVal
                0x000016f8       0x30 ./Generated_Code/BitIoLdd10.o
                0x000016f8                BitIoLdd10_PutVal
 .text.ASerialLdd2_Init
                0x00001728      0x1c4 ./Generated_Code/ASerialLdd2.o
                0x00001728                ASerialLdd2_Init
 .text.ASerialLdd2_ReceiveBlock
                0x000018ec       0x98 ./Generated_Code/ASerialLdd2.o
                0x000018ec                ASerialLdd2_ReceiveBlock
 .text.ASerialLdd2_SendBlock
                0x00001984       0xc4 ./Generated_Code/ASerialLdd2.o
                0x00001984                ASerialLdd2_SendBlock
 .text.InterruptRx
                0x00001a48       0x58 ./Generated_Code/ASerialLdd2.o
 .text.InterruptTx
                0x00001aa0       0x80 ./Generated_Code/ASerialLdd2.o
 .text.ASerialLdd2_Interrupt
                0x00001b20       0xe4 ./Generated_Code/ASerialLdd2.o
                0x00001b20                ASerialLdd2_Interrupt
 .text.ASerialLdd2_GetError
                0x00001c04       0x74 ./Generated_Code/ASerialLdd2.o
                0x00001c04                ASerialLdd2_GetError
 .text.zero_fill_bss
                0x00001c78       0x24 ./Project_Settings/Startup_Code/__arm_start.o
 .text.__thumb_startup
                0x00001c9c       0x30 ./Project_Settings/Startup_Code/__arm_start.o
                0x00001c9c                __thumb_startup
 .text._ExitProcess
                0x00001ccc        0xc ./Project_Settings/Startup_Code/__arm_end.o
                0x00001ccc                _ExitProcess
 .text.irSensors
                0x00001cd8      0x388 ./Sources/ZumoSensors.o
                0x00001cd8                irSensors
 .text.main     0x00002060       0x64 ./Sources/ProcessorExpert.o
                0x00002060                main
 .text.Cpu_OnNMIINT
                0x000020c4        0x8 ./Sources/Events.o
                0x000020c4                Cpu_OnNMIINT
 .text.exit     0x000020cc       0x38 C:/Freescale/CW MCU v10.6/MCU/ARM_GCC_Support/ewl/lib/armv6-m\libc.a(exit.o)
                0x000020cc                exit
 .text.memset   0x00002104        0xc C:/Freescale/CW MCU v10.6/MCU/ARM_GCC_Support/ewl/lib/armv6-m\libc.a(memset.o)
                0x00002104                memset
 .text.__fill_mem
                0x00002110       0x7e C:/Freescale/CW MCU v10.6/MCU/ARM_GCC_Support/ewl/lib/armv6-m\libc.a(__filll_mem.o)
                0x00002110                __fill_mem
 *fill*         0x0000218e        0x2 00
 .text.__init_cpp
                0x00002190       0x48 C:/Freescale/CW MCU v10.6/MCU/ARM_GCC_Support/ewl/lib/armv6-m\librt.a(gcc_ctor_dtor.o)
                0x00002190                __init_cpp
 .text.__fini_cpp
                0x000021d8       0x34 C:/Freescale/CW MCU v10.6/MCU/ARM_GCC_Support/ewl/lib/armv6-m\librt.a(gcc_ctor_dtor.o)
                0x000021d8                __fini_cpp
 .text.__destroy_global_chain
                0x0000220c       0x1c C:/Freescale/CW MCU v10.6/MCU/ARM_GCC_Support/ewl/lib/armv6-m\librt.a(__arm_eabi_init.o)
                0x0000220c                __destroy_global_chain
 .text.__init_registers
                0x00002228       0x1c C:/Freescale/CW MCU v10.6/MCU/ARM_GCC_Support/ewl/lib/armv6-m\librt.a(__arm_eabi_init.o)
                0x00002228                __init_registers
 .text.__init_user
                0x00002244        0x4 C:/Freescale/CW MCU v10.6/MCU/ARM_GCC_Support/ewl/lib/armv6-m\librt.a(__arm_eabi_init.o)
                0x00002244                __init_user
 .text.__copy_rom_section
                0x00002248       0x48 C:/Freescale/CW MCU v10.6/MCU/ARM_GCC_Support/ewl/lib/armv6-m\librt.a(ROMCopy.o)
                0x00002248                __copy_rom_section
 .text.__copy_rom_sections_to_ram
                0x00002290       0x34 C:/Freescale/CW MCU v10.6/MCU/ARM_GCC_Support/ewl/lib/armv6-m\librt.a(ROMCopy.o)
                0x00002290                __copy_rom_sections_to_ram
 *(.rodata)
 .rodata        0x000022c4        0x4 ./Sources/ProcessorExpert.o
 *(.rodata*)
 *(.glue_7)
 .glue_7        0x00000000        0x0 linker stubs
 *(.glue_7t)
 .glue_7t       0x00000000        0x0 linker stubs
 *(.eh_frame)
 *(.init)
 *(.fini)
                0x000022c8                . = ALIGN (0x4)
                0x000022c8                _etext = .

.vfp11_veneer   0x000022c8        0x0
 .vfp11_veneer  0x00000000        0x0 linker stubs

.v4_bx          0x000022c8        0x0
 .v4_bx         0x00000000        0x0 linker stubs

.iplt           0x000022c8        0x0
 .iplt          0x00000000        0x0 ./Generated_Code/sens_stanga.o

.rel.dyn        0x000022c8        0x0
 .rel.iplt      0x00000000        0x0 ./Generated_Code/sens_stanga.o

.ARM.extab
 *(.ARM.extab* .gnu.linkonce.armextab.*)

.ARM            0x000022c8        0x0
                0x000022c8                __exidx_start = .
 *(.ARM.exidx*)
                0x000022c8                __exidx_end = .

.ctors          0x000022c8        0x0
                0x000022c8                __CTOR_LIST__ = .
 *crtbegin.o(.ctors)
 *(EXCLUDE_FILE(*crtend.o) .ctors)
 *(SORT(.ctors.*))
 *(.ctors)
                0x000022c8                __CTOR_END__ = .

.dtors          0x000022c8        0x0
                0x000022c8                __DTOR_LIST__ = .
 *crtbegin.o(.dtors)
 *(EXCLUDE_FILE(*crtend.o) .dtors)
 *(SORT(.dtors.*))
 *(.dtors)
                0x000022c8                __DTOR_END__ = .

.preinit_array  0x000022c8        0x0
                0x000022c8                PROVIDE (__preinit_array_start, .)
 *(.preinit_array*)
                0x000022c8                PROVIDE (__preinit_array_end, .)

.init_array     0x000022c8        0x0
                0x000022c8                PROVIDE (__init_array_start, .)
 *(SORT(.init_array.*))
 *(.init_array*)
                0x000022c8                PROVIDE (__init_array_end, .)

.fini_array     0x000022c8        0x0
                0x000022c8                PROVIDE (__fini_array_start, .)
 *(SORT(.fini_array.*))
 *(.fini_array*)
                0x000022c8                PROVIDE (__fini_array_end, .)
                0x000022c8                ___ROM_AT = .

.mtb            0x1ffff000        0x0
                0x1ffff000                . = ALIGN (0x8)
                0x1ffff000                _mtb_start = .
 *(.mtb_buf)
                0x1ffff000                . = ALIGN (0x8)
                0x1ffff000                _mtb_end = .

.data           0x1ffff000        0x0 load address 0x000022c8
                0x1ffff000                . = ALIGN (0x4)
                0x1ffff000                _sdata = .
 *(.data)
 *(.data*)
                0x1ffff000                . = ALIGN (0x4)
                0x1ffff000                _edata = .
                0x00000000                ___data_size = (_edata - _sdata)

.igot.plt       0x1ffff000        0x0
 .igot.plt      0x00000000        0x0 ./Generated_Code/sens_stanga.o
                0x1ffff000                . = ALIGN (0x4)

.bss            0x1ffff000      0x130
                0x1ffff000                __START_BSS = .
                0x1ffff000                PROVIDE (__bss_start__, __START_BSS)
 *(.bss)
 *(.bss*)
 .bss.DeviceDataPrv__DEFAULT_RTOS_ALLOC
                0x1ffff000        0xc ./Generated_Code/TU1.o
 .bss.DeviceDataPrv__DEFAULT_RTOS_ALLOC
                0x1ffff00c        0xc ./Generated_Code/PwmLdd2.o
 .bss.DeviceDataPrv__DEFAULT_RTOS_ALLOC
                0x1ffff018        0xc ./Generated_Code/PwmLdd1.o
 .bss.PE_LDD_DeviceDataList
                0x1ffff024       0x40 ./Generated_Code/PE_LDD.o
                0x1ffff024                PE_LDD_DeviceDataList
 .bss.SerFlag   0x1ffff064        0x2 ./Generated_Code/Inhr1.o
 .bss.Inhr1_InpLen
                0x1ffff066        0x2 ./Generated_Code/Inhr1.o
 .bss.InpIndexR
                0x1ffff068        0x2 ./Generated_Code/Inhr1.o
 .bss.InpIndexW
                0x1ffff06a        0x2 ./Generated_Code/Inhr1.o
 .bss.InpBuffer
                0x1ffff06c        0x4 ./Generated_Code/Inhr1.o
 .bss.BufferRead
                0x1ffff070        0x1 ./Generated_Code/Inhr1.o
 *fill*         0x1ffff071        0x1 00
 .bss.Inhr1_OutLen
                0x1ffff072        0x2 ./Generated_Code/Inhr1.o
 .bss.OutIndexR
                0x1ffff074        0x2 ./Generated_Code/Inhr1.o
 .bss.OutIndexW
                0x1ffff076        0x2 ./Generated_Code/Inhr1.o
 .bss.OutBuffer
                0x1ffff078       0x40 ./Generated_Code/Inhr1.o
 .bss.SR_lock   0x1ffff0b8        0x1 ./Generated_Code/Cpu.o
                0x1ffff0b8                SR_lock
 *fill*         0x1ffff0b9        0x3 00
 .bss.DeviceDataPrv__DEFAULT_RTOS_ALLOC
                0x1ffff0bc        0x4 ./Generated_Code/CountTimer.o
 .bss.DeviceDataPrv__DEFAULT_RTOS_ALLOC
                0x1ffff0c0        0x4 ./Generated_Code/BitIoLdd9.o
 .bss.DeviceDataPrv__DEFAULT_RTOS_ALLOC
                0x1ffff0c4        0x4 ./Generated_Code/BitIoLdd8.o
 .bss.DeviceDataPrv__DEFAULT_RTOS_ALLOC
                0x1ffff0c8        0x4 ./Generated_Code/BitIoLdd7.o
 .bss.DeviceDataPrv__DEFAULT_RTOS_ALLOC
                0x1ffff0cc        0x4 ./Generated_Code/BitIoLdd6.o
 .bss.DeviceDataPrv__DEFAULT_RTOS_ALLOC
                0x1ffff0d0        0x4 ./Generated_Code/BitIoLdd5.o
 .bss.DeviceDataPrv__DEFAULT_RTOS_ALLOC
                0x1ffff0d4        0x4 ./Generated_Code/BitIoLdd4.o
 .bss.DeviceDataPrv__DEFAULT_RTOS_ALLOC
                0x1ffff0d8        0x4 ./Generated_Code/BitIoLdd3.o
 .bss.DeviceDataPrv__DEFAULT_RTOS_ALLOC
                0x1ffff0dc        0x4 ./Generated_Code/BitIoLdd2.o
 .bss.DeviceDataPrv__DEFAULT_RTOS_ALLOC
                0x1ffff0e0        0x4 ./Generated_Code/BitIoLdd11.o
 .bss.DeviceDataPrv__DEFAULT_RTOS_ALLOC
                0x1ffff0e4        0x4 ./Generated_Code/BitIoLdd10.o
 .bss.DeviceDataPrv__DEFAULT_RTOS_ALLOC
                0x1ffff0e8       0x20 ./Generated_Code/ASerialLdd2.o
 .bss.INT_UART0__DEFAULT_RTOS_ISRPARAM
                0x1ffff108        0x4 ./Generated_Code/ASerialLdd2.o
 .bss.argv      0x1ffff10c        0x4 ./Project_Settings/Startup_Code/__arm_start.o
 .bss.__stdio_exit
                0x1ffff110        0x4 C:/Freescale/CW MCU v10.6/MCU/ARM_GCC_Support/ewl/lib/armv6-m\libc.a(exit.o)
                0x1ffff110                __stdio_exit
 .bss.__console_exit
                0x1ffff114        0x4 C:/Freescale/CW MCU v10.6/MCU/ARM_GCC_Support/ewl/lib/armv6-m\libc.a(exit.o)
                0x1ffff114                __console_exit
 .bss.__global_destructor_chain
                0x1ffff118        0x4 C:/Freescale/CW MCU v10.6/MCU/ARM_GCC_Support/ewl/lib/armv6-m\librt.a(__arm_eabi_init.o)
                0x1ffff118                __global_destructor_chain
 .bss.__S_romp  0x1ffff11c        0xc C:/Freescale/CW MCU v10.6/MCU/ARM_GCC_Support/ewl/lib/armv6-m\librt.a(ROMCopy.o)
 *(COMMON)
 COMMON         0x1ffff128        0x4 ./Generated_Code/Inhr1.o
                0x1ffff128                ASerialLdd2_DeviceDataPtr
 COMMON         0x1ffff12c        0x1 ./Generated_Code/Cpu.o
                0x1ffff12c                SR_reg
                0x1ffff130                . = ALIGN (0x4)
 *fill*         0x1ffff12d        0x3 00
                0x1ffff130                __END_BSS = .
                0x1ffff130                PROVIDE (__bss_end__, __END_BSS)
                0x000022c8                _romp_at = (___ROM_AT + SIZEOF (.data))

.romp           0x1ffff130       0x18 load address 0x000022c8
                0x000022c8                __S_romp = _romp_at
                0x1ffff130        0x4 LONG 0x22c8 ___ROM_AT
                0x1ffff134        0x4 LONG 0x1ffff000 _sdata
                0x1ffff138        0x4 LONG 0x0 ___data_size
                0x1ffff13c        0x4 LONG 0x0
                0x1ffff140        0x4 LONG 0x0
                0x1ffff144        0x4 LONG 0x0

._user_heap_stack
                0x1ffff148      0x400 load address 0x000022e0
                0x1ffff148                . = ALIGN (0x4)
                0x1ffff148                PROVIDE (end, .)
                0x1ffff148                PROVIDE (_end, .)
                0x1ffff148                __heap_addr = .
                0x1ffff148                . = (. + __heap_size)
                0x1ffff548                . = (. + __stack_size)
 *fill*         0x1ffff148      0x400 00
                0x1ffff548                . = ALIGN (0x4)

.ARM.attributes
                0x00000000       0x31
 *(.ARM.attributes)
 .ARM.attributes
                0x00000000       0x31 ./Generated_Code/WAIT1.o
 .ARM.attributes
                0x00000031       0x31 ./Generated_Code/Vectors.o
 .ARM.attributes
                0x00000062       0x31 ./Generated_Code/Term1.o
 .ARM.attributes
                0x00000093       0x31 ./Generated_Code/TU1.o
 .ARM.attributes
                0x000000c4       0x31 ./Generated_Code/PwmLdd2.o
 .ARM.attributes
                0x000000f5       0x31 ./Generated_Code/PwmLdd1.o
 .ARM.attributes
                0x00000126       0x31 ./Generated_Code/PullUpButton.o
 .ARM.attributes
                0x00000157       0x31 ./Generated_Code/PE_LDD.o
 .ARM.attributes
                0x00000188       0x31 ./Generated_Code/Inhr1.o
 .ARM.attributes
                0x000001b9       0x31 ./Generated_Code/Cpu.o
 .ARM.attributes
                0x000001ea       0x31 ./Generated_Code/CountTimer.o
 .ARM.attributes
                0x0000021b       0x31 ./Generated_Code/BitIoLdd9.o
 .ARM.attributes
                0x0000024c       0x31 ./Generated_Code/BitIoLdd8.o
 .ARM.attributes
                0x0000027d       0x31 ./Generated_Code/BitIoLdd7.o
 .ARM.attributes
                0x000002ae       0x31 ./Generated_Code/BitIoLdd6.o
 .ARM.attributes
                0x000002df       0x31 ./Generated_Code/BitIoLdd5.o
 .ARM.attributes
                0x00000310       0x31 ./Generated_Code/BitIoLdd4.o
 .ARM.attributes
                0x00000341       0x31 ./Generated_Code/BitIoLdd3.o
 .ARM.attributes
                0x00000372       0x31 ./Generated_Code/BitIoLdd2.o
 .ARM.attributes
                0x000003a3       0x31 ./Generated_Code/BitIoLdd11.o
 .ARM.attributes
                0x000003d4       0x31 ./Generated_Code/BitIoLdd10.o
 .ARM.attributes
                0x00000405       0x31 ./Generated_Code/ASerialLdd2.o
 .ARM.attributes
                0x00000436       0x31 ./Project_Settings/Startup_Code/__arm_start.o
 .ARM.attributes
                0x00000467       0x31 ./Project_Settings/Startup_Code/__arm_end.o
 .ARM.attributes
                0x00000498       0x31 ./Sources/ZumoSensors.o
 .ARM.attributes
                0x000004c9       0x31 ./Sources/ProcessorExpert.o
 .ARM.attributes
                0x000004fa       0x31 ./Sources/Events.o
 .ARM.attributes
                0x0000052b       0x31 C:/Freescale/CW MCU v10.6/MCU/ARM_GCC_Support/ewl/lib/armv6-m\libc.a(exit.o)
 .ARM.attributes
                0x0000055c       0x31 C:/Freescale/CW MCU v10.6/MCU/ARM_GCC_Support/ewl/lib/armv6-m\libc.a(memset.o)
 .ARM.attributes
                0x0000058d       0x31 C:/Freescale/CW MCU v10.6/MCU/ARM_GCC_Support/ewl/lib/armv6-m\libc.a(__filll_mem.o)
 .ARM.attributes
                0x000005be       0x1e c:/freescale/cw mcu v10.6/cross_tools/arm-none-eabi-gcc-4_7_3/bin/../lib/gcc/arm-none-eabi/4.7.3/armv6-m\libgcc.a(_udivsi3.o)
 .ARM.attributes
                0x000005dc       0x1e c:/freescale/cw mcu v10.6/cross_tools/arm-none-eabi-gcc-4_7_3/bin/../lib/gcc/arm-none-eabi/4.7.3/armv6-m\libgcc.a(_dvmd_tls.o)
 .ARM.attributes
                0x000005fa       0x31 C:/Freescale/CW MCU v10.6/MCU/ARM_GCC_Support/ewl/lib/armv6-m\librt.a(gcc_ctor_dtor.o)
 .ARM.attributes
                0x0000062b       0x31 C:/Freescale/CW MCU v10.6/MCU/ARM_GCC_Support/ewl/lib/armv6-m\librt.a(__arm_eabi_init.o)
 .ARM.attributes
                0x0000065c       0x31 C:/Freescale/CW MCU v10.6/MCU/ARM_GCC_Support/ewl/lib/armv6-m\librt.a(ROMCopy.o)
OUTPUT(FSL_LF_demo.elf elf32-littlearm)

.debug_info     0x00000000     0x66c1
 .debug_info    0x00000000      0x135 ./Generated_Code/WAIT1.o
 .debug_info    0x00000135      0x104 ./Generated_Code/Vectors.o
 .debug_info    0x00000239      0x36c ./Generated_Code/Term1.o
 .debug_info    0x000005a5      0x79c ./Generated_Code/TU1.o
 .debug_info    0x00000d41      0x2ea ./Generated_Code/PwmLdd2.o
 .debug_info    0x0000102b      0x2ea ./Generated_Code/PwmLdd1.o
 .debug_info    0x00001315      0x115 ./Generated_Code/PullUpButton.o
 .debug_info    0x0000142a      0x24e ./Generated_Code/PE_LDD.o
 .debug_info    0x00001678      0x36c ./Generated_Code/Inhr1.o
 .debug_info    0x000019e4      0x8e1 ./Generated_Code/Cpu.o
 .debug_info    0x000022c5      0x4c3 ./Generated_Code/CountTimer.o
 .debug_info    0x00002788      0x426 ./Generated_Code/BitIoLdd9.o
 .debug_info    0x00002bae      0x426 ./Generated_Code/BitIoLdd8.o
 .debug_info    0x00002fd4      0x426 ./Generated_Code/BitIoLdd7.o
 .debug_info    0x000033fa      0x426 ./Generated_Code/BitIoLdd6.o
 .debug_info    0x00003820      0x426 ./Generated_Code/BitIoLdd5.o
 .debug_info    0x00003c46      0x426 ./Generated_Code/BitIoLdd4.o
 .debug_info    0x0000406c      0x3fb ./Generated_Code/BitIoLdd3.o
 .debug_info    0x00004467      0x3fb ./Generated_Code/BitIoLdd2.o
 .debug_info    0x00004862      0x274 ./Generated_Code/BitIoLdd11.o
 .debug_info    0x00004ad6      0x450 ./Generated_Code/BitIoLdd10.o
 .debug_info    0x00004f26      0x892 ./Generated_Code/ASerialLdd2.o
 .debug_info    0x000057b8      0x12a ./Project_Settings/Startup_Code/__arm_start.o
 .debug_info    0x000058e2       0x54 ./Project_Settings/Startup_Code/__arm_end.o
 .debug_info    0x00005936      0x349 ./Sources/ZumoSensors.o
 .debug_info    0x00005c7f      0x122 ./Sources/ProcessorExpert.o
 .debug_info    0x00005da1       0x8b ./Sources/Events.o
 .debug_info    0x00005e2c       0xe8 C:/Freescale/CW MCU v10.6/MCU/ARM_GCC_Support/ewl/lib/armv6-m\libc.a(exit.o)
 .debug_info    0x00005f14       0xec C:/Freescale/CW MCU v10.6/MCU/ARM_GCC_Support/ewl/lib/armv6-m\libc.a(memset.o)
 .debug_info    0x00006000      0x137 C:/Freescale/CW MCU v10.6/MCU/ARM_GCC_Support/ewl/lib/armv6-m\libc.a(__filll_mem.o)
 .debug_info    0x00006137      0x136 C:/Freescale/CW MCU v10.6/MCU/ARM_GCC_Support/ewl/lib/armv6-m\librt.a(gcc_ctor_dtor.o)
 .debug_info    0x0000626d      0x2b9 C:/Freescale/CW MCU v10.6/MCU/ARM_GCC_Support/ewl/lib/armv6-m\librt.a(__arm_eabi_init.o)
 .debug_info    0x00006526      0x19b C:/Freescale/CW MCU v10.6/MCU/ARM_GCC_Support/ewl/lib/armv6-m\librt.a(ROMCopy.o)

.debug_abbrev   0x00000000     0x21be
 .debug_abbrev  0x00000000       0xa3 ./Generated_Code/WAIT1.o
 .debug_abbrev  0x000000a3       0xa3 ./Generated_Code/Vectors.o
 .debug_abbrev  0x00000146      0x159 ./Generated_Code/Term1.o
 .debug_abbrev  0x0000029f      0x18d ./Generated_Code/TU1.o
 .debug_abbrev  0x0000042c      0x114 ./Generated_Code/PwmLdd2.o
 .debug_abbrev  0x00000540      0x114 ./Generated_Code/PwmLdd1.o
 .debug_abbrev  0x00000654       0x85 ./Generated_Code/PullUpButton.o
 .debug_abbrev  0x000006d9      0x102 ./Generated_Code/PE_LDD.o
 .debug_abbrev  0x000007db      0x145 ./Generated_Code/Inhr1.o
 .debug_abbrev  0x00000920      0x122 ./Generated_Code/Cpu.o
 .debug_abbrev  0x00000a42      0x12a ./Generated_Code/CountTimer.o
 .debug_abbrev  0x00000b6c      0x160 ./Generated_Code/BitIoLdd9.o
 .debug_abbrev  0x00000ccc      0x160 ./Generated_Code/BitIoLdd8.o
 .debug_abbrev  0x00000e2c      0x160 ./Generated_Code/BitIoLdd7.o
 .debug_abbrev  0x00000f8c      0x160 ./Generated_Code/BitIoLdd6.o
 .debug_abbrev  0x000010ec      0x160 ./Generated_Code/BitIoLdd5.o
 .debug_abbrev  0x0000124c      0x160 ./Generated_Code/BitIoLdd4.o
 .debug_abbrev  0x000013ac      0x151 ./Generated_Code/BitIoLdd3.o
 .debug_abbrev  0x000014fd      0x151 ./Generated_Code/BitIoLdd2.o
 .debug_abbrev  0x0000164e       0xed ./Generated_Code/BitIoLdd11.o
 .debug_abbrev  0x0000173b      0x160 ./Generated_Code/BitIoLdd10.o
 .debug_abbrev  0x0000189b      0x189 ./Generated_Code/ASerialLdd2.o
 .debug_abbrev  0x00001a24       0x92 ./Project_Settings/Startup_Code/__arm_start.o
 .debug_abbrev  0x00001ab6       0x4c ./Project_Settings/Startup_Code/__arm_end.o
 .debug_abbrev  0x00001b02      0x111 ./Sources/ZumoSensors.o
 .debug_abbrev  0x00001c13       0xae ./Sources/ProcessorExpert.o
 .debug_abbrev  0x00001cc1       0x3d ./Sources/Events.o
 .debug_abbrev  0x00001cfe       0x7a C:/Freescale/CW MCU v10.6/MCU/ARM_GCC_Support/ewl/lib/armv6-m\libc.a(exit.o)
 .debug_abbrev  0x00001d78       0x62 C:/Freescale/CW MCU v10.6/MCU/ARM_GCC_Support/ewl/lib/armv6-m\libc.a(memset.o)
 .debug_abbrev  0x00001dda       0x78 C:/Freescale/CW MCU v10.6/MCU/ARM_GCC_Support/ewl/lib/armv6-m\libc.a(__filll_mem.o)
 .debug_abbrev  0x00001e52       0x99 C:/Freescale/CW MCU v10.6/MCU/ARM_GCC_Support/ewl/lib/armv6-m\librt.a(gcc_ctor_dtor.o)
 .debug_abbrev  0x00001eeb      0x1b3 C:/Freescale/CW MCU v10.6/MCU/ARM_GCC_Support/ewl/lib/armv6-m\librt.a(__arm_eabi_init.o)
 .debug_abbrev  0x0000209e      0x120 C:/Freescale/CW MCU v10.6/MCU/ARM_GCC_Support/ewl/lib/armv6-m\librt.a(ROMCopy.o)

.debug_loc      0x00000000     0x239c
 .debug_loc     0x00000000       0xa8 ./Generated_Code/WAIT1.o
 .debug_loc     0x000000a8      0x1e0 ./Generated_Code/Term1.o
 .debug_loc     0x00000288      0x1f8 ./Generated_Code/TU1.o
 .debug_loc     0x00000480      0x150 ./Generated_Code/PwmLdd2.o
 .debug_loc     0x000005d0      0x150 ./Generated_Code/PwmLdd1.o
 .debug_loc     0x00000720       0x2c ./Generated_Code/PullUpButton.o
 .debug_loc     0x0000074c       0x9c ./Generated_Code/PE_LDD.o
 .debug_loc     0x000007e8      0x1d4 ./Generated_Code/Inhr1.o
 .debug_loc     0x000009bc       0xb0 ./Generated_Code/Cpu.o
 .debug_loc     0x00000a6c       0xa8 ./Generated_Code/CountTimer.o
 .debug_loc     0x00000b14      0x1c0 ./Generated_Code/BitIoLdd9.o
 .debug_loc     0x00000cd4      0x1c0 ./Generated_Code/BitIoLdd8.o
 .debug_loc     0x00000e94      0x1c0 ./Generated_Code/BitIoLdd7.o
 .debug_loc     0x00001054      0x1c0 ./Generated_Code/BitIoLdd6.o
 .debug_loc     0x00001214      0x1c0 ./Generated_Code/BitIoLdd5.o
 .debug_loc     0x000013d4      0x1c0 ./Generated_Code/BitIoLdd4.o
 .debug_loc     0x00001594      0x188 ./Generated_Code/BitIoLdd3.o
 .debug_loc     0x0000171c      0x188 ./Generated_Code/BitIoLdd2.o
 .debug_loc     0x000018a4       0x70 ./Generated_Code/BitIoLdd11.o
 .debug_loc     0x00001914      0x1f8 ./Generated_Code/BitIoLdd10.o
 .debug_loc     0x00001b0c      0x194 ./Generated_Code/ASerialLdd2.o
 .debug_loc     0x00001ca0       0x2c ./Project_Settings/Startup_Code/__arm_start.o
 .debug_loc     0x00001ccc       0x38 ./Project_Settings/Startup_Code/__arm_end.o
 .debug_loc     0x00001d04      0x12e ./Sources/ZumoSensors.o
 .debug_loc     0x00001e32       0x3a ./Sources/ProcessorExpert.o
 .debug_loc     0x00001e6c       0x2c ./Sources/Events.o
 .debug_loc     0x00001e98       0x3e C:/Freescale/CW MCU v10.6/MCU/ARM_GCC_Support/ewl/lib/armv6-m\libc.a(exit.o)
 .debug_loc     0x00001ed6       0x6f C:/Freescale/CW MCU v10.6/MCU/ARM_GCC_Support/ewl/lib/armv6-m\libc.a(memset.o)
 .debug_loc     0x00001f45      0x14a C:/Freescale/CW MCU v10.6/MCU/ARM_GCC_Support/ewl/lib/armv6-m\libc.a(__filll_mem.o)
 .debug_loc     0x0000208f       0x9d C:/Freescale/CW MCU v10.6/MCU/ARM_GCC_Support/ewl/lib/armv6-m\librt.a(gcc_ctor_dtor.o)
 .debug_loc     0x0000212c      0x197 C:/Freescale/CW MCU v10.6/MCU/ARM_GCC_Support/ewl/lib/armv6-m\librt.a(__arm_eabi_init.o)
 .debug_loc     0x000022c3       0xd9 C:/Freescale/CW MCU v10.6/MCU/ARM_GCC_Support/ewl/lib/armv6-m\librt.a(ROMCopy.o)

.debug_aranges  0x00000000      0x828
 .debug_aranges
                0x00000000       0x40 ./Generated_Code/WAIT1.o
 .debug_aranges
                0x00000040       0x18 ./Generated_Code/Vectors.o
 .debug_aranges
                0x00000058       0x60 ./Generated_Code/Term1.o
 .debug_aranges
                0x000000b8       0x60 ./Generated_Code/TU1.o
 .debug_aranges
                0x00000118       0x48 ./Generated_Code/PwmLdd2.o
 .debug_aranges
                0x00000160       0x48 ./Generated_Code/PwmLdd1.o
 .debug_aranges
                0x000001a8       0x20 ./Generated_Code/PullUpButton.o
 .debug_aranges
                0x000001c8       0x30 ./Generated_Code/PE_LDD.o
 .debug_aranges
                0x000001f8       0x60 ./Generated_Code/Inhr1.o
 .debug_aranges
                0x00000258       0x38 ./Generated_Code/Cpu.o
 .debug_aranges
                0x00000290       0x30 ./Generated_Code/CountTimer.o
 .debug_aranges
                0x000002c0       0x58 ./Generated_Code/BitIoLdd9.o
 .debug_aranges
                0x00000318       0x58 ./Generated_Code/BitIoLdd8.o
 .debug_aranges
                0x00000370       0x58 ./Generated_Code/BitIoLdd7.o
 .debug_aranges
                0x000003c8       0x58 ./Generated_Code/BitIoLdd6.o
 .debug_aranges
                0x00000420       0x58 ./Generated_Code/BitIoLdd5.o
 .debug_aranges
                0x00000478       0x58 ./Generated_Code/BitIoLdd4.o
 .debug_aranges
                0x000004d0       0x50 ./Generated_Code/BitIoLdd3.o
 .debug_aranges
                0x00000520       0x50 ./Generated_Code/BitIoLdd2.o
 .debug_aranges
                0x00000570       0x28 ./Generated_Code/BitIoLdd11.o
 .debug_aranges
                0x00000598       0x60 ./Generated_Code/BitIoLdd10.o
 .debug_aranges
                0x000005f8       0x50 ./Generated_Code/ASerialLdd2.o
 .debug_aranges
                0x00000648       0x30 ./Project_Settings/Startup_Code/__arm_start.o
 .debug_aranges
                0x00000678       0x20 ./Project_Settings/Startup_Code/__arm_end.o
 .debug_aranges
                0x00000698       0x40 ./Sources/ZumoSensors.o
 .debug_aranges
                0x000006d8       0x20 ./Sources/ProcessorExpert.o
 .debug_aranges
                0x000006f8       0x20 ./Sources/Events.o
 .debug_aranges
                0x00000718       0x20 C:/Freescale/CW MCU v10.6/MCU/ARM_GCC_Support/ewl/lib/armv6-m\libc.a(exit.o)
 .debug_aranges
                0x00000738       0x20 C:/Freescale/CW MCU v10.6/MCU/ARM_GCC_Support/ewl/lib/armv6-m\libc.a(memset.o)
 .debug_aranges
                0x00000758       0x20 C:/Freescale/CW MCU v10.6/MCU/ARM_GCC_Support/ewl/lib/armv6-m\libc.a(__filll_mem.o)
 .debug_aranges
                0x00000778       0x28 C:/Freescale/CW MCU v10.6/MCU/ARM_GCC_Support/ewl/lib/armv6-m\librt.a(gcc_ctor_dtor.o)
 .debug_aranges
                0x000007a0       0x58 C:/Freescale/CW MCU v10.6/MCU/ARM_GCC_Support/ewl/lib/armv6-m\librt.a(__arm_eabi_init.o)
 .debug_aranges
                0x000007f8       0x30 C:/Freescale/CW MCU v10.6/MCU/ARM_GCC_Support/ewl/lib/armv6-m\librt.a(ROMCopy.o)

.debug_macinfo  0x00000000   0x4ce044
 .debug_macinfo
                0x00000000    0x2e24e ./Generated_Code/WAIT1.o
 .debug_macinfo
                0x0002e24e    0x356ff ./Generated_Code/Vectors.o
 .debug_macinfo
                0x0006394d    0x2e152 ./Generated_Code/Term1.o
 .debug_macinfo
                0x00091a9f    0x30130 ./Generated_Code/TU1.o
 .debug_macinfo
                0x000c1bcf    0x30267 ./Generated_Code/PwmLdd2.o
 .debug_macinfo
                0x000f1e36    0x30267 ./Generated_Code/PwmLdd1.o
 .debug_macinfo
                0x0012209d    0x2df1f ./Generated_Code/PullUpButton.o
 .debug_macinfo
                0x0014ffbc    0x3566f ./Generated_Code/PE_LDD.o
 .debug_macinfo
                0x0018562b    0x2e25f ./Generated_Code/Inhr1.o
 .debug_macinfo
                0x001b388a    0x356ff ./Generated_Code/Cpu.o
 .debug_macinfo
                0x001e8f89    0x30074 ./Generated_Code/CountTimer.o
 .debug_macinfo
                0x00218ffd    0x2eed0 ./Generated_Code/BitIoLdd9.o
 .debug_macinfo
                0x00247ecd    0x2eed0 ./Generated_Code/BitIoLdd8.o
 .debug_macinfo
                0x00276d9d    0x2eed0 ./Generated_Code/BitIoLdd7.o
 .debug_macinfo
                0x002a5c6d    0x2eed0 ./Generated_Code/BitIoLdd6.o
 .debug_macinfo
                0x002d4b3d    0x2eed0 ./Generated_Code/BitIoLdd5.o
 .debug_macinfo
                0x00303a0d    0x2eed0 ./Generated_Code/BitIoLdd4.o
 .debug_macinfo
                0x003328dd    0x2eead ./Generated_Code/BitIoLdd3.o
 .debug_macinfo
                0x0036178a    0x2eead ./Generated_Code/BitIoLdd2.o
 .debug_macinfo
                0x00390637    0x2ee02 ./Generated_Code/BitIoLdd11.o
 .debug_macinfo
                0x003bf439    0x2ef03 ./Generated_Code/BitIoLdd10.o
 .debug_macinfo
                0x003ee33c    0x385ea ./Generated_Code/ASerialLdd2.o
 .debug_macinfo
                0x00426926     0x3e6d ./Project_Settings/Startup_Code/__arm_start.o
 .debug_macinfo
                0x0042a793     0x3456 ./Project_Settings/Startup_Code/__arm_end.o
 .debug_macinfo
                0x0042dbe9    0x356ce ./Sources/ZumoSensors.o
 .debug_macinfo
                0x004632b7    0x356d2 ./Sources/ProcessorExpert.o
 .debug_macinfo
                0x00498989    0x356bb ./Sources/Events.o

.debug_line     0x00000000     0x6314
 .debug_line    0x00000000      0x274 ./Generated_Code/WAIT1.o
 .debug_line    0x00000274      0x661 ./Generated_Code/Vectors.o
 .debug_line    0x000008d5      0x34c ./Generated_Code/Term1.o
 .debug_line    0x00000c21      0x359 ./Generated_Code/TU1.o
 .debug_line    0x00000f7a      0x301 ./Generated_Code/PwmLdd2.o
 .debug_line    0x0000127b      0x301 ./Generated_Code/PwmLdd1.o
 .debug_line    0x0000157c      0x228 ./Generated_Code/PullUpButton.o
 .debug_line    0x000017a4      0x46b ./Generated_Code/PE_LDD.o
 .debug_line    0x00001c0f      0x30b ./Generated_Code/Inhr1.o
 .debug_line    0x00001f1a      0x6d7 ./Generated_Code/Cpu.o
 .debug_line    0x000025f1      0x2b1 ./Generated_Code/CountTimer.o
 .debug_line    0x000028a2      0x30c ./Generated_Code/BitIoLdd9.o
 .debug_line    0x00002bae      0x30c ./Generated_Code/BitIoLdd8.o
 .debug_line    0x00002eba      0x30c ./Generated_Code/BitIoLdd7.o
 .debug_line    0x000031c6      0x30c ./Generated_Code/BitIoLdd6.o
 .debug_line    0x000034d2      0x30c ./Generated_Code/BitIoLdd5.o
 .debug_line    0x000037de      0x30c ./Generated_Code/BitIoLdd4.o
 .debug_line    0x00003aea      0x2fa ./Generated_Code/BitIoLdd3.o
 .debug_line    0x00003de4      0x2fa ./Generated_Code/BitIoLdd2.o
 .debug_line    0x000040de      0x29a ./Generated_Code/BitIoLdd11.o
 .debug_line    0x00004378      0x320 ./Generated_Code/BitIoLdd10.o
 .debug_line    0x00004698      0x380 ./Generated_Code/ASerialLdd2.o
 .debug_line    0x00004a18      0x292 ./Project_Settings/Startup_Code/__arm_start.o
 .debug_line    0x00004caa      0x266 ./Project_Settings/Startup_Code/__arm_end.o
 .debug_line    0x00004f10      0x65a ./Sources/ZumoSensors.o
 .debug_line    0x0000556a      0x4f3 ./Sources/ProcessorExpert.o
 .debug_line    0x00005a5d      0x464 ./Sources/Events.o
 .debug_line    0x00005ec1       0x8d C:/Freescale/CW MCU v10.6/MCU/ARM_GCC_Support/ewl/lib/armv6-m\libc.a(exit.o)
 .debug_line    0x00005f4e       0x90 C:/Freescale/CW MCU v10.6/MCU/ARM_GCC_Support/ewl/lib/armv6-m\libc.a(memset.o)
 .debug_line    0x00005fde       0xf6 C:/Freescale/CW MCU v10.6/MCU/ARM_GCC_Support/ewl/lib/armv6-m\libc.a(__filll_mem.o)
 .debug_line    0x000060d4       0x6c C:/Freescale/CW MCU v10.6/MCU/ARM_GCC_Support/ewl/lib/armv6-m\librt.a(gcc_ctor_dtor.o)
 .debug_line    0x00006140      0x117 C:/Freescale/CW MCU v10.6/MCU/ARM_GCC_Support/ewl/lib/armv6-m\librt.a(__arm_eabi_init.o)
 .debug_line    0x00006257       0xbd C:/Freescale/CW MCU v10.6/MCU/ARM_GCC_Support/ewl/lib/armv6-m\librt.a(ROMCopy.o)

.debug_str      0x00000000     0x1b6d
 .debug_str     0x00000000      0x169 ./Generated_Code/WAIT1.o
                                0x19b (size before relaxing)
 .debug_str     0x00000169       0x55 ./Generated_Code/Vectors.o
                                0x163 (size before relaxing)
 .debug_str     0x000001be       0xdf ./Generated_Code/Term1.o
                                0x205 (size before relaxing)
 .debug_str     0x0000029d      0x344 ./Generated_Code/TU1.o
                                0x477 (size before relaxing)
 .debug_str     0x000005e1       0xdc ./Generated_Code/PwmLdd2.o
                                0x287 (size before relaxing)
 .debug_str     0x000006bd       0x81 ./Generated_Code/PwmLdd1.o
                                0x287 (size before relaxing)
 .debug_str     0x0000073e       0x51 ./Generated_Code/PullUpButton.o
                                0x17a (size before relaxing)
 .debug_str     0x0000078f      0x172 ./Generated_Code/PE_LDD.o
                                0x2c6 (size before relaxing)
 .debug_str     0x00000901      0x193 ./Generated_Code/Inhr1.o
                                0x2e7 (size before relaxing)
 .debug_str     0x00000a94      0x1ac ./Generated_Code/Cpu.o
                                0x412 (size before relaxing)
 .debug_str     0x00000c40       0x8f ./Generated_Code/CountTimer.o
                                0x350 (size before relaxing)
 .debug_str     0x00000ccf       0xfe ./Generated_Code/BitIoLdd9.o
                                0x307 (size before relaxing)
 .debug_str     0x00000dcd       0xd8 ./Generated_Code/BitIoLdd8.o
                                0x307 (size before relaxing)
 .debug_str     0x00000ea5       0xd8 ./Generated_Code/BitIoLdd7.o
                                0x307 (size before relaxing)
 .debug_str     0x00000f7d       0xd8 ./Generated_Code/BitIoLdd6.o
                                0x307 (size before relaxing)
 .debug_str     0x00001055       0xd8 ./Generated_Code/BitIoLdd5.o
                                0x307 (size before relaxing)
 .debug_str     0x0000112d       0xd8 ./Generated_Code/BitIoLdd4.o
                                0x307 (size before relaxing)
 .debug_str     0x00001205       0xc5 ./Generated_Code/BitIoLdd3.o
                                0x2f4 (size before relaxing)
 .debug_str     0x000012ca       0xc5 ./Generated_Code/BitIoLdd2.o
                                0x2f4 (size before relaxing)
 .debug_str     0x0000138f       0x72 ./Generated_Code/BitIoLdd11.o
                                0x262 (size before relaxing)
 .debug_str     0x00001401       0xf5 ./Generated_Code/BitIoLdd10.o
                                0x324 (size before relaxing)
 .debug_str     0x000014f6      0x1a5 ./Generated_Code/ASerialLdd2.o
                                0x4d3 (size before relaxing)
 .debug_str     0x0000169b       0x85 ./Project_Settings/Startup_Code/__arm_start.o
                                0x191 (size before relaxing)
 .debug_str     0x00001720       0x41 ./Project_Settings/Startup_Code/__arm_end.o
                                 0xc8 (size before relaxing)
 .debug_str     0x00001761       0x71 ./Sources/ZumoSensors.o
                                0x1aa (size before relaxing)
 .debug_str     0x000017d2       0x22 ./Sources/ProcessorExpert.o
                                0x15f (size before relaxing)
 .debug_str     0x000017f4       0x21 ./Sources/Events.o
                                0x126 (size before relaxing)
 .debug_str     0x00001815       0x5a C:/Freescale/CW MCU v10.6/MCU/ARM_GCC_Support/ewl/lib/armv6-m\libc.a(exit.o)
                                0x157 (size before relaxing)
 .debug_str     0x0000186f       0x23 C:/Freescale/CW MCU v10.6/MCU/ARM_GCC_Support/ewl/lib/armv6-m\libc.a(memset.o)
                                0x140 (size before relaxing)
 .debug_str     0x00001892       0x2d C:/Freescale/CW MCU v10.6/MCU/ARM_GCC_Support/ewl/lib/armv6-m\libc.a(__filll_mem.o)
                                0x152 (size before relaxing)
 .debug_str     0x000018bf      0x126 C:/Freescale/CW MCU v10.6/MCU/ARM_GCC_Support/ewl/lib/armv6-m\librt.a(gcc_ctor_dtor.o)
                                0x181 (size before relaxing)
 .debug_str     0x000019e5       0xee C:/Freescale/CW MCU v10.6/MCU/ARM_GCC_Support/ewl/lib/armv6-m\librt.a(__arm_eabi_init.o)
                                0x1b5 (size before relaxing)
 .debug_str     0x00001ad3       0x9a C:/Freescale/CW MCU v10.6/MCU/ARM_GCC_Support/ewl/lib/armv6-m\librt.a(ROMCopy.o)
                                0x13c (size before relaxing)

.comment        0x00000000       0x79
 .comment       0x00000000       0x79 ./Generated_Code/WAIT1.o
                                 0x7a (size before relaxing)
 .comment       0x00000000       0x7a ./Generated_Code/Vectors.o
 .comment       0x00000000       0x7a ./Generated_Code/Term1.o
 .comment       0x00000000       0x7a ./Generated_Code/TU1.o
 .comment       0x00000000       0x7a ./Generated_Code/PwmLdd2.o
 .comment       0x00000000       0x7a ./Generated_Code/PwmLdd1.o
 .comment       0x00000000       0x7a ./Generated_Code/PullUpButton.o
 .comment       0x00000000       0x7a ./Generated_Code/PE_LDD.o
 .comment       0x00000000       0x7a ./Generated_Code/Inhr1.o
 .comment       0x00000000       0x7a ./Generated_Code/Cpu.o
 .comment       0x00000000       0x7a ./Generated_Code/CountTimer.o
 .comment       0x00000000       0x7a ./Generated_Code/BitIoLdd9.o
 .comment       0x00000000       0x7a ./Generated_Code/BitIoLdd8.o
 .comment       0x00000000       0x7a ./Generated_Code/BitIoLdd7.o
 .comment       0x00000000       0x7a ./Generated_Code/BitIoLdd6.o
 .comment       0x00000000       0x7a ./Generated_Code/BitIoLdd5.o
 .comment       0x00000000       0x7a ./Generated_Code/BitIoLdd4.o
 .comment       0x00000000       0x7a ./Generated_Code/BitIoLdd3.o
 .comment       0x00000000       0x7a ./Generated_Code/BitIoLdd2.o
 .comment       0x00000000       0x7a ./Generated_Code/BitIoLdd11.o
 .comment       0x00000000       0x7a ./Generated_Code/BitIoLdd10.o
 .comment       0x00000000       0x7a ./Generated_Code/ASerialLdd2.o
 .comment       0x00000000       0x7a ./Project_Settings/Startup_Code/__arm_start.o
 .comment       0x00000000       0x7a ./Project_Settings/Startup_Code/__arm_end.o
 .comment       0x00000000       0x7a ./Sources/ZumoSensors.o
 .comment       0x00000000       0x7a ./Sources/ProcessorExpert.o
 .comment       0x00000000       0x7a ./Sources/Events.o
 .comment       0x00000000       0x7a C:/Freescale/CW MCU v10.6/MCU/ARM_GCC_Support/ewl/lib/armv6-m\libc.a(exit.o)
 .comment       0x00000000       0x7a C:/Freescale/CW MCU v10.6/MCU/ARM_GCC_Support/ewl/lib/armv6-m\libc.a(memset.o)
 .comment       0x00000000       0x7a C:/Freescale/CW MCU v10.6/MCU/ARM_GCC_Support/ewl/lib/armv6-m\libc.a(__filll_mem.o)
 .comment       0x00000000       0x7a C:/Freescale/CW MCU v10.6/MCU/ARM_GCC_Support/ewl/lib/armv6-m\librt.a(gcc_ctor_dtor.o)
 .comment       0x00000000       0x7a C:/Freescale/CW MCU v10.6/MCU/ARM_GCC_Support/ewl/lib/armv6-m\librt.a(__arm_eabi_init.o)
 .comment       0x00000000       0x7a C:/Freescale/CW MCU v10.6/MCU/ARM_GCC_Support/ewl/lib/armv6-m\librt.a(ROMCopy.o)

.debug_frame    0x00000000     0x1578
 .debug_frame   0x00000000       0x90 ./Generated_Code/WAIT1.o
 .debug_frame   0x00000090      0x128 ./Generated_Code/Term1.o
 .debug_frame   0x000001b8      0x130 ./Generated_Code/TU1.o
 .debug_frame   0x000002e8       0xd0 ./Generated_Code/PwmLdd2.o
 .debug_frame   0x000003b8       0xd0 ./Generated_Code/PwmLdd1.o
 .debug_frame   0x00000488       0x2c ./Generated_Code/PullUpButton.o
 .debug_frame   0x000004b4       0x6c ./Generated_Code/PE_LDD.o
 .debug_frame   0x00000520      0x124 ./Generated_Code/Inhr1.o
 .debug_frame   0x00000644       0x80 ./Generated_Code/Cpu.o
 .debug_frame   0x000006c4       0x70 ./Generated_Code/CountTimer.o
 .debug_frame   0x00000734      0x110 ./Generated_Code/BitIoLdd9.o
 .debug_frame   0x00000844      0x110 ./Generated_Code/BitIoLdd8.o
 .debug_frame   0x00000954      0x110 ./Generated_Code/BitIoLdd7.o
 .debug_frame   0x00000a64      0x110 ./Generated_Code/BitIoLdd6.o
 .debug_frame   0x00000b74      0x110 ./Generated_Code/BitIoLdd5.o
 .debug_frame   0x00000c84      0x110 ./Generated_Code/BitIoLdd4.o
 .debug_frame   0x00000d94       0xf0 ./Generated_Code/BitIoLdd3.o
 .debug_frame   0x00000e84       0xf0 ./Generated_Code/BitIoLdd2.o
 .debug_frame   0x00000f74       0x50 ./Generated_Code/BitIoLdd11.o
 .debug_frame   0x00000fc4      0x130 ./Generated_Code/BitIoLdd10.o
 .debug_frame   0x000010f4       0xf8 ./Generated_Code/ASerialLdd2.o
 .debug_frame   0x000011ec       0x4c ./Project_Settings/Startup_Code/__arm_start.o
 .debug_frame   0x00001238       0x30 ./Project_Settings/Startup_Code/__arm_end.o
 .debug_frame   0x00001268       0xc4 ./Sources/ZumoSensors.o
 .debug_frame   0x0000132c       0x30 ./Sources/ProcessorExpert.o
 .debug_frame   0x0000135c       0x2c ./Sources/Events.o
 .debug_frame   0x00001388       0x2c C:/Freescale/CW MCU v10.6/MCU/ARM_GCC_Support/ewl/lib/armv6-m\libc.a(exit.o)
 .debug_frame   0x000013b4       0x28 C:/Freescale/CW MCU v10.6/MCU/ARM_GCC_Support/ewl/lib/armv6-m\libc.a(memset.o)
 .debug_frame   0x000013dc       0x2c C:/Freescale/CW MCU v10.6/MCU/ARM_GCC_Support/ewl/lib/armv6-m\libc.a(__filll_mem.o)
 .debug_frame   0x00001408       0x20 c:/freescale/cw mcu v10.6/cross_tools/arm-none-eabi-gcc-4_7_3/bin/../lib/gcc/arm-none-eabi/4.7.3/armv6-m\libgcc.a(_udivsi3.o)
 .debug_frame   0x00001428       0x40 C:/Freescale/CW MCU v10.6/MCU/ARM_GCC_Support/ewl/lib/armv6-m\librt.a(gcc_ctor_dtor.o)
 .debug_frame   0x00001468       0xbc C:/Freescale/CW MCU v10.6/MCU/ARM_GCC_Support/ewl/lib/armv6-m\librt.a(__arm_eabi_init.o)
 .debug_frame   0x00001524       0x54 C:/Freescale/CW MCU v10.6/MCU/ARM_GCC_Support/ewl/lib/armv6-m\librt.a(ROMCopy.o)
